ASxxxx Linker V03.00 + NoICE + sdld,  page 1.
Hexadecimal  [32-Bits]

Area                                    Addr        Size        Decimal Bytes (Attributes)
--------------------------------        ----        ----        ------- ----- ------------
.  .ABS.                            00000000    00000000 =           0. bytes (ABS,CON)

      Value  Global                              Global Defined In Module
      -----  --------------------------------   ------------------------
     00000000  .__.ABS.                           cpct_random
     00000000  l__CABS                         
     00000000  l__DABS                         
     00000000  l__GSFINAL                      
     00000000  l__GSINIT                       
     00000000  l__HOME                         
     00000000  s__CABS                         
     00000000  s__DABS                         
     0000000C  l__INITIALIZED                  
     0000000C  l__INITIALIZER                  
     00000040  s__CODE                         
     000000B7  l__DATA                         
     00004EAD  l__CODE                         
     00004EED  s__DATA                         
     00004FA4  s__INITIALIZED                  
     00004FB0  s__GSFINAL                      
     00004FB0  s__GSINIT                       
     00004FB0  s__HOME                         
     00004FB0  s__INITIALIZER                  

ASxxxx Linker V03.00 + NoICE + sdld,  page 2.
Hexadecimal  [32-Bits]

Area                                    Addr        Size        Decimal Bytes (Attributes)
--------------------------------        ----        ----        ------- ----- ------------
_CODE                               00000040    00004EAD =       20141. bytes (REL,CON)

      Value  Global                              Global Defined In Module
      -----  --------------------------------   ------------------------
     00000040  _Enemy_spawn_new                   Enemy
     00000079  _activeEnemies                     Enemy
     0000007A  _Enemy_update_logic                Enemy
     0000007B  _game_interrupt_handler            GameFunctions
     00000085  _game_init                         GameFunctions
     000000BA  _level_get_level                   Level
     000000C2  _level_palettes                    Level
     000000E6  _level_set_level                   Level
     000000EE  _level_init_palettes               Level
     0000011B  _setLevelPalette                   Level
     0000014E  _level_load_level                  Level
     0000018D  _main                              main
     00000198  _map_get_seed                      Map
     000001A0  _get_random_wall                   Map
     000001BD  _generate_map                      Map
     00000672  _generate_exit_door                Map
     0000081E  _generate_level                    Map
     00000828  _generate_level_with_seed          Map
     0000085B  _player_turn_left                  Player
     00000889  _player_position                   Player
     0000088B  _player_direction                  Player
     0000088D  _player_directionIndex             Player
     0000088E  _player_directionArray             Player
     00000896  _player_turn_right                 Player
     000008C4  _player_move_forward               Player
     000008DF  _player_get_direction_index        Player
     000008E7  _calculate_cells_in_view           Renderer
     00000A93  _g_palette                         Renderer
     00000AA3  _g_colors                          Renderer
     00000AB3  _g_pixelMask                       Renderer
     00000AB5  _g_texturedWalls                   Renderer
     00000AB6  _cells_in_view_array               Renderer
     00000AB8  _offsets_cells_in_view             Renderer
     00000ABD  _draw_column_to_buffer_untexture   Renderer
     00000B33  _draw_column_to_buffer_object      Renderer
     00000B34  _draw_column_to_buffer_enemy       Renderer
     00000C75  _draw_column_to_buffer             Renderer
     00000DAD  _render_draw_to_buffer             Renderer
     00001907  _draw_minimap_to_buffer            Renderer
     00001A3D  _state_ingame_enter                State_InGame
     00001A57  _updateRenderBuffer                State_InGame
     00001A58  _action                            State_InGame
     00001A59  _state_ingame_return               State_InGame
     00001A5F  _state_ingame_input                State_InGame
     00001AE4  _state_ingame_update               State_InGame
     00001B87  _state_ingame_render               State_InGame
     00001BAF  _state_ingame_exit                 State_InGame
     00001BB0  _state_loadlevel_enter             State_LoadLevel
     00001BE7  _state_loadlevel_return            State_LoadLevel
     00001BE8  _state_loadlevel_input             State_LoadLevel
ASxxxx Linker V03.00 + NoICE + sdld,  page 3.
Hexadecimal  [32-Bits]

Area                                    Addr        Size        Decimal Bytes (Attributes)
--------------------------------        ----        ----        ------- ----- ------------
_CODE                               00000040    00004EAD =       20141. bytes (REL,CON)

      Value  Global                              Global Defined In Module
      -----  --------------------------------   ------------------------
     00001BEB  _state_loadlevel_update            State_LoadLevel
     00001BF0  _state_loadlevel_render            State_LoadLevel
     00001BF1  _state_loadlevel_exit              State_LoadLevel
     00001BF2  _state_mainmenu_enter              State_MainMenu
     00001C25  _state_mainmenu_return             State_MainMenu
     00001C28  _state_mainmenu_input              State_MainMenu
     00001C57  _state_mainmenu_update             State_MainMenu
     00001C98  _state_mainmenu_render             State_MainMenu
     00001C9B  _state_mainmenu_exit               State_MainMenu
     00001C9C  _statemanager_drop_state           StateManager
     00001CF2  _stateArray                        StateManager
     00001D2A  _closeState                        StateManager
     00001D2B  _currentState                      StateManager
     00001D2C  _changeToState                     StateManager
     00001D2D  _inputReceived                     StateManager
     00001D2E  _gameRunning                       StateManager
     00001D2F  _last_keyboardStatusBuffer         StateManager
     00001D39  _statemanager_change_state         StateManager
     00001D82  _statemanager_input_accepted       StateManager
     00001D88  _statemanager_set_state            StateManager
     00001D8F  _scan_input                        StateManager
     00001DEC  _statemanager_manage_input         StateManager
     00001E19  _statemanager_render_state         StateManager
     00001E38  _statemanager_close_state          StateManager
     00001E3E  _statemanager_update_state         StateManager
     00001E5A  _statemanager_exit_game            StateManager
     00001E60  _statemanager_main_loop            StateManager
     00001E76  _state_options_enter               State_Options
     00001E77  _state_options_return              State_Options
     00001E78  _state_options_input               State_Options
     00001E79  _state_options_update              State_Options
     00001E7A  _state_options_render              State_Options
     00001E7B  _state_options_exit                State_Options
     00001E7C  _state_pausemenu_enter             State_PauseMenu
     00001EAA  _state_pausemenu_return            State_PauseMenu
     00001EAD  _state_pausemenu_input             State_PauseMenu
     00001EDC  _state_pausemenu_update            State_PauseMenu
     00001F1A  _state_pausemenu_render            State_PauseMenu
     00001F1D  _state_pausemenu_exit              State_PauseMenu
     00001F32  _integer_to_string                 StringUtils
     00002010  _charArray                         StringUtils
     00002090  _i_to_s_buffer                     StringUtils
     00002099  _print_text                        StringUtils
     00002270  _print_transparent_text            StringUtils
     000023C7  _uncompress_texture_rle            Textures
     0000242B  _theme_textures                    Textures
     00002433  _theme_textures_length             Textures
     0000243B  _enemy_textures                    Textures
     00002443  _enemy_textures_length             Textures
     0000244B  _uncompress_theme_textures         Textures
     0000246E  _uncompress_enemy_textures         Textures
ASxxxx Linker V03.00 + NoICE + sdld,  page 4.
Hexadecimal  [32-Bits]

Area                                    Addr        Size        Decimal Bytes (Attributes)
--------------------------------        ----        ----        ------- ----- ------------
_CODE                               00000040    00004EAD =       20141. bytes (REL,CON)

      Value  Global                              Global Defined In Module
      -----  --------------------------------   ------------------------
     00002491  _uncompress_item_textures          Textures
     00002492  _renderCompass                     UI_Compass
     000024AE  _ui_gamemenu_init                  UI_GameMenu
     000024C0  _ui_gamemenu_entriesPosition       UI_GameMenu
     000024CE  _ui_gamemenu_entriesTextPosition   UI_GameMenu
     000024DC  _ui_gamemenu_action_buttonText     UI_GameMenu
     000024E2  _ui_gamemenu_buttonText            UI_GameMenu
     000024F0  _ui_gamemenu_buttonWidths          UI_GameMenu
     00002530  _ui_gamemenu_above_entry           UI_GameMenu
     00002551  _ui_gamemenu_below_entry           UI_GameMenu
     00002568  _ui_gamemenu_next_entry            UI_GameMenu
     00002575  _ui_gamemenu_previous_entry        UI_GameMenu
     00002585  _ui_gamemenu_unselect_entry        UI_GameMenu
     0000258B  _ui_gamemenu_select_entry          UI_GameMenu
     00002591  _ui_gamemenu_render_button         UI_GameMenu
     00002608  _ui_gamemenu_render_refresh        UI_GameMenu
     00002621  _ui_gamemenu_render_all            UI_GameMenu
     00002639  _ui_gamemenu_get_entry             UI_GameMenu
     00002641  _ui_gamemenu_is_selected           UI_GameMenu
     00002649  _ui_gamemenu_update_action         UI_GameMenu
     000026E9  _ui_gamemenu_get_movement          UI_GameMenu
     000026F1  _ui_gamemenu_get_action            UI_GameMenu
     000026F9  _ui_mainmenu_init                  UI_MainMenu
     00002709  _ui_mainmenu_entriesPosition       UI_MainMenu
     00002713  _ui_mainmenu_entriesTextPosition   UI_MainMenu
     0000271D  _ui_mainmenu_buttonText            UI_MainMenu
     0000274F  _ui_mainmenu_next_entry            UI_MainMenu
     0000275D  _ui_mainmenu_previous_entry        UI_MainMenu
     0000276D  _ui_mainmenu_unselect_entry        UI_MainMenu
     00002773  _ui_mainmenu_select_entry          UI_MainMenu
     00002779  _ui_mainmenu_render_button         UI_MainMenu
     000027E3  _ui_mainmenu_render_refresh        UI_MainMenu
     000027FC  _ui_mainmenu_render_all            UI_MainMenu
     00002814  _ui_mainmenu_get_entry             UI_MainMenu
     0000281C  _ui_mainmenu_is_selected           UI_MainMenu
     00002824  _ui_pausemenu_init                 UI_PauseMenu
     00002834  _ui_pausemenu_entriesPosition      UI_PauseMenu
     0000283C  _ui_pausemenu_entriesTextPositio   UI_PauseMenu
     00002844  _ui_pausemenu_buttonText           UI_PauseMenu
     00002870  _ui_pausemenu_get_entry            UI_PauseMenu
     00002878  _ui_pausemenu_is_selected          UI_PauseMenu
     00002880  _ui_pausemenu_next_entry           UI_PauseMenu
     0000288E  _ui_pausemenu_previous_entry       UI_PauseMenu
     0000289E  _ui_pausemenu_select_entry         UI_PauseMenu
     000028A4  _ui_pausemenu_unselect_entry       UI_PauseMenu
     000028AA  _ui_pausemenu_render_button        UI_PauseMenu
     00002914  _ui_pausemenu_render_refresh       UI_PauseMenu
     0000292D  _ui_pausemenu_render_all           UI_PauseMenu
     00002945  _ui_playerstats_render             UI_PlayerStats
     000029DD  _strings                           UI_PlayerStats
     00002A13  _compass_tileset                   compass
ASxxxx Linker V03.00 + NoICE + sdld,  page 5.
Hexadecimal  [32-Bits]

Area                                    Addr        Size        Decimal Bytes (Attributes)
--------------------------------        ----        ----        ------- ----- ------------
_CODE                               00000040    00004EAD =       20141. bytes (REL,CON)

      Value  Global                              Global Defined In Module
      -----  --------------------------------   ------------------------
     00002A1B  _compass_compass_0                 compass
     00002A9B  _compass_compass_1                 compass
     00002B1B  _compass_compass_2                 compass
     00002B9B  _compass_compass_3                 compass
     00002C1B  _level0_enemies                    level0_enemies
     00002EA3  _level1_enemies                    level1_enemies
     00002FEE  _level2_enemies                    level2_enemies
     00003139  _level3_enemies                    level3_enemies
     00003284  _typography_4x6_monospaced         typography_4x6_monospaced
     0000331A  _level0_walls                      level0_walls
     000038D7  _level1_walls                      level1_walls
     00004113  _level2_walls                      level2_walls
     00004941  _level3_walls                      level3_walls
     00004B43  _cpct_scanKeyboard_f               cpct_keyboard
     00004B43  cpct_scanKeyboard_f_asm            cpct_keyboard
     00004BAD  _cpct_isKeyPressed                 cpct_keyboard
     00004BAD  cpct_isKeyPressed_asm              cpct_keyboard
     00004BB9  _cpct_setPalette                   cpct_video
     00004BD0  _cpct_setPALColour                 cpct_video
     00004BDC  _cpct_drawSprite                   cpct_sprites
     00004C81  __moduchar                         
     00004C8D  __moduint                          
     00004C98  __divuint                          
     00004CA0  __divuchar                         
     00004CA7  __divu8                            
     00004CAA  __divu16                           
     00004CD9  _cpct_fw2hw                        cpct_video
     00004CEC  _cpct_keyboardStatusBuffer         cpct_keyboard
     00004CF6  __mulint                           
     00004CFE  __mul16                            
     00004D12  _cpct_setSeed_mxor                 cpct_random
     00004D12  cpct_setSeed_mxor_asm              cpct_random
     00004D1A  _cpct_restoreState_mxor_u8         cpct_random
     00004D1A  cpct_restoreState_mxor_u8_asm      cpct_random
     00004D20  _cpct_getRandom_mxor_u8            cpct_random
     00004D20  cpct_getRandom_mxor_u8             cpct_random
     00004D21  cpct_randomIdx_mxor_u8             cpct_random
     00004D45  _cpct_nextRandom_mxor_u32          cpct_random
     00004D45  cpct_nextRandom_mxor_u32_asm       cpct_random
     00004D68  ___sdcc_call_hl                    
     00004D69  cpct_firmware2hw_colour            
     00004D84  _cpct_waitVSYNC                    cpct_video
     00004D84  cpct_waitVSYNC_asm                 cpct_video
     00004D8C  _cpct_setVideoMode                 cpct_video
     00004D9A  _cpct_memset                       cpct_memutils
     00004DA8  _cpct_memcpy                       cpct_memutils
     00004DB0  _cpct_disableFirmware              cpct_firmware
     00004DB0  _cpct_removeInterruptHandler       cpct_firmware
     00004DB0  cpct_disableFirmware_asm           cpct_firmware
     00004DB0  cpct_removeInterruptHandler_asm    cpct_firmware
     00004DC0  _cpct_drawSolidBox                 cpct_sprites
ASxxxx Linker V03.00 + NoICE + sdld,  page 6.
Hexadecimal  [32-Bits]

Area                                    Addr        Size        Decimal Bytes (Attributes)
--------------------------------        ----        ----        ------- ----- ------------
_CODE                               00000040    00004EAD =       20141. bytes (REL,CON)

      Value  Global                              Global Defined In Module
      -----  --------------------------------   ------------------------
     00004E78  _cpct_mode_rom_status              cpct_firmware
     00004E79  __divsint                          
     00004E82  __divschar                         
     00004E89  __div8                             
     00004E8D  __div_signexte                     
     00004E91  __div16                            
     00004EB7  __get_remainder                    
     00004EC1  _cpct_setInterruptHandler          cpct_firmware
     00004EC1  cpct_setInterruptHandler_asm       cpct_firmware
     00004ED2  cpct_safeInterruptHandlerHook      cpct_firmware
     00004EE9  _cpct_mxor32_seed                  cpct_random

ASxxxx Linker V03.00 + NoICE + sdld,  page 7.
Hexadecimal  [32-Bits]

Area                                    Addr        Size        Decimal Bytes (Attributes)
--------------------------------        ----        ----        ------- ----- ------------
_DATA                               00004EED    000000B7 =         183. bytes (REL,CON)

      Value  Global                              Global Defined In Module
      -----  --------------------------------   ------------------------
     00004EED  _enemyArray                        Enemy
     00004FA1  _r_counter                         GameFunctions
     00004FA3  _current_level                     Level
ASxxxx Linker V03.00 + NoICE + sdld,  page 8.
Hexadecimal  [32-Bits]

Area                                    Addr        Size        Decimal Bytes (Attributes)
--------------------------------        ----        ----        ------- ----- ------------
_INITIALIZED                        00004FA4    0000000C =          12. bytes (REL,CON)

      Value  Global                              Global Defined In Module
      -----  --------------------------------   ------------------------
     00004FA4  _rand_seed                         Map
     00004FA5  _ui_gamemenu_lastEntry             UI_GameMenu
     00004FA6  _ui_gamemenu_entryIndex            UI_GameMenu
     00004FA7  _ui_gamemenu_entrySelected         UI_GameMenu
     00004FA8  _ui_gamemenu_can_move              UI_GameMenu
     00004FA9  _ui_gamemenu_action                UI_GameMenu
     00004FAA  _ui_mainmenu_lastEntry             UI_MainMenu
     00004FAB  _ui_mainmenu_entryIndex            UI_MainMenu
     00004FAC  _ui_mainmenu_entrySelected         UI_MainMenu
     00004FAD  _ui_pausemenu_lastEntry            UI_PauseMenu
     00004FAE  _ui_pausemenu_entryIndex           UI_PauseMenu
     00004FAF  _ui_pausemenu_entrySelected        UI_PauseMenu
ASxxxx Linker V03.00 + NoICE + sdld,  page 9.
Hexadecimal  [32-Bits]

Area                                    Addr        Size        Decimal Bytes (Attributes)
--------------------------------        ----        ----        ------- ----- ------------
_INITIALIZER                        00004FB0    0000000C =          12. bytes (REL,CON)

      Value  Global                              Global Defined In Module
      -----  --------------------------------   ------------------------
ASxxxx Linker V03.00 + NoICE + sdld,  page 10.

Files Linked                              [ module(s) ]

obj/Enemy.rel                             [ Enemy ]
obj/GameFunctions.rel                     [ GameFunctions ]
obj/Item.rel                              [ Item ]
obj/Level.rel                             [ Level ]
obj/main.rel                              [ main ]
obj/Map.rel                               [ Map ]
obj/Player.rel                            [ Player ]
obj/Renderer.rel                          [ Renderer ]
obj/State_Credits.rel                     [ State_Credits ]
obj/State_InGame.rel                      [ State_InGame ]
obj/State_Intro.rel                       [ State_Intro ]
obj/State_LoadLevel.rel                   [ State_LoadLevel ]
obj/State_MainMenu.rel                    [ State_MainMenu ]
obj/StateManager.rel                      [ StateManager ]
obj/State_Options.rel                     [ State_Options ]
obj/State_PauseMenu.rel                   [ State_PauseMenu ]
obj/StringUtils.rel                       [ StringUtils ]
obj/Textures.rel                          [ Textures ]
obj/UI_Compass.rel                        [ UI_Compass ]
obj/UI_EnemyStats.rel                     [ UI_EnemyStats ]
obj/UI_GameMenu.rel                       [ UI_GameMenu ]
obj/UI_MainMenu.rel                       [ UI_MainMenu ]
obj/UI_PauseMenu.rel                      [ UI_PauseMenu ]
obj/UI_PlayerStats.rel                    [ UI_PlayerStats ]
obj/textures/compass.rel                  [ compass ]
obj/textures/enemies/level0_enemies.rel   [ level0_enemies ]
obj/textures/enemies/level1_enemies.rel   [ level1_enemies ]
obj/textures/enemies/level2_enemies.rel   [ level2_enemies ]
obj/textures/enemies/level3_enemies.rel   [ level3_enemies ]
obj/textures/typography/typography_4x6_monospaced.rel
                                          [ typography_4x6_monospaced ]
obj/textures/walls/level0_walls.rel       [ level0_walls ]
obj/textures/walls/level1_walls.rel       [ level1_walls ]
obj/textures/walls/level2_walls.rel       [ level2_walls ]
obj/textures/walls/level3_walls.rel       [ level3_walls ]


Libraries Linked                          [ object file ]

/home/albert/cpctelera/cpctelera/cpctelera.lib
                                          [ cpct_scanKeyboard_f.rel ]
/home/albert/cpctelera/cpctelera/cpctelera.lib
                                          [ cpct_isKeyPressed.rel ]
/home/albert/cpctelera/cpctelera/cpctelera.lib
                                          [ cpct_setPalette_cbindings.rel ]
/home/albert/cpctelera/cpctelera/cpctelera.lib
                                          [ cpct_setPALColour_cbindings.rel ]
/home/albert/cpctelera/cpctelera/cpctelera.lib
                                          [ cpct_drawSprite_cbindings.rel ]
/home/albert/cpctelera/cpctelera/tools/sdcc-3.5.5/bin/../share/sdcc/lib/z80/z80.lib
                                          [ modunsigned.rel ]
/home/albert/cpctelera/cpctelera/tools/sdcc-3.5.5/bin/../share/sdcc/lib/z80/z80.lib
                                          [ divunsigned.rel ]
/home/albert/cpctelera/cpctelera/cpctelera.lib
                                          [ cpct_fw2hw_cbindings.rel ]
/home/albert/cpctelera/cpctelera/cpctelera.lib
                                          [ keyboard.rel ]
/home/albert/cpctelera/cpctelera/tools/sdcc-3.5.5/bin/../share/sdcc/lib/z80/z80.lib
                                          [ mul.rel ]
/home/albert/cpctelera/cpctelera/cpctelera.lib
                                          [ cpct_setSeed_mxor.rel ]
/home/albert/cpctelera/cpctelera/cpctelera.lib
                                          [ cpct_restoreState_mxor_u8.rel ]
/home/albert/cpctelera/cpctelera/cpctelera.lib
                                          [ cpct_getRandom_mxor_u8.rel ]
/home/albert/cpctelera/cpctelera/cpctelera.lib
                                          [ cpct_nextRandom_mxor_u32.rel ]
/home/albert/cpctelera/cpctelera/tools/sdcc-3.5.5/bin/../share/sdcc/lib/z80/z80.lib
                                          [ __sdcc_call_hl.rel ]
/home/albert/cpctelera/cpctelera/cpctelera.lib
                                          [ cpct_firmware2hw_colour_table.re ]
/home/albert/cpctelera/cpctelera/cpctelera.lib
                                          [ cpct_waitVSYNC.rel ]
/home/albert/cpctelera/cpctelera/cpctelera.lib
                                          [ cpct_setVideoMode_cbindings.rel ]
/home/albert/cpctelera/cpctelera/cpctelera.lib
                                          [ cpct_memset_cbinding.rel ]
/home/albert/cpctelera/cpctelera/cpctelera.lib
                                          [ cpct_memcpy_cbindings.rel ]
/home/albert/cpctelera/cpctelera/cpctelera.lib
                                          [ cpct_removeInterruptHandler.rel ]
/home/albert/cpctelera/cpctelera/cpctelera.lib
                                          [ cpct_drawSolidBox_cbindings.rel ]
/home/albert/cpctelera/cpctelera/cpctelera.lib
                                          [ cpc_mode_rom_status.rel ]
/home/albert/cpctelera/cpctelera/tools/sdcc-3.5.5/bin/../share/sdcc/lib/z80/z80.lib
                                          [ divsigned.rel ]
/home/albert/cpctelera/cpctelera/cpctelera.lib
                                          [ cpct_setInterruptHandler.rel ]
/home/albert/cpctelera/cpctelera/cpctelera.lib
                                          [ cpct_mxor32_seed.rel ]

ASxxxx Linker V03.00 + NoICE + sdld,  page 11.

User Base Address Definitions

_CODE = 0x0040
_DATA = 0x0000

