ASxxxx Linker V03.00 + NoICE + sdld,  page 1.
Hexadecimal  [32-Bits]

Area                                    Addr        Size        Decimal Bytes (Attributes)
--------------------------------        ----        ----        ------- ----- ------------
.  .ABS.                            00000000    00000000 =           0. bytes (ABS,CON)

      Value  Global                              Global Defined In Module
      -----  --------------------------------   ------------------------
     00000000  .__.ABS.                           cpct_firmware
     00000000  l__CABS                         
     00000000  l__DABS                         
     00000000  l__GSFINAL                      
     00000000  l__GSINIT                       
     00000000  l__HOME                         
     00000000  s__CABS                         
     00000000  s__DABS                         
     00000005  l__INITIALIZED                  
     00000005  l__INITIALIZER                  
     00000040  s__CODE                         
     000000B5  l__DATA                         
     0000444D  l__CODE                         
     0000448D  s__DATA                         
     00004542  s__INITIALIZED                  
     00004547  s__GSFINAL                      
     00004547  s__GSINIT                       
     00004547  s__HOME                         
     00004547  s__INITIALIZER                  

ASxxxx Linker V03.00 + NoICE + sdld,  page 2.
Hexadecimal  [32-Bits]

Area                                    Addr        Size        Decimal Bytes (Attributes)
--------------------------------        ----        ----        ------- ----- ------------
_CODE                               00000040    0000444D =       17485. bytes (REL,CON)

      Value  Global                              Global Defined In Module
      -----  --------------------------------   ------------------------
     00000040  _abs                               Enemy
     0000004A  _activeEnemies                     Enemy
     0000004B  _Enemy_spawn_new                   Enemy
     00000084  _Enemy_update_logic                Enemy
     00000085  _game_interrupt_handler            GameFunctions
     0000008A  _game_init                         GameFunctions
     000000CF  _level_get_level                   Level
     000000D7  _level_palettes                    Level
     000000FF  _level_set_level                   Level
     00000108  _level_init_palettes               Level
     00000135  _setLevelPalette                   Level
     00000168  _level_load_level                  Level
     000001AB  _main                              main
     000001B8  _map_get_seed                      Map
     000001C0  _get_random_wall                   Map
     000001DD  _generate_map                      Map
     00000703  _generate_exit_door                Map
     000008AF  _generate_level                    Map
     000008B9  _generate_level_with_seed          Map
     000008DE  _PLAYER_position                   Player
     000008E0  _PLAYER_direction                  Player
     000008E2  _PLAYER_directionIndex             Player
     000008E3  _PLAYER_directionArray             Player
     000008EB  _calculate_cells_in_view           Renderer
     00000A95  _g_palette                         Renderer
     00000AA5  _g_colors                          Renderer
     00000AB5  _g_pixelMask                       Renderer
     00000AB7  _g_texturedWalls                   Renderer
     00000AB8  _cells_in_view_array               Renderer
     00000ABA  _offsets_cells_in_view             Renderer
     00000ABF  _draw_column_to_buffer_untexture   Renderer
     00000B35  _draw_column_to_buffer_object      Renderer
     00000B36  _draw_column_to_buffer_enemy       Renderer
     00000C73  _draw_column_to_buffer             Renderer
     00000DAB  _render_draw_to_buffer             Renderer
     00001905  _draw_minimap_to_buffer            Renderer
     00001A3B  _state_ingame_enter                State_InGame
     00001A70  _isInitialized                     State_InGame
     00001A71  _updateRenderBuffer                State_InGame
     00001A72  _state_ingame_input                State_InGame
     00001AEA  _state_ingame_update               State_InGame
     00001BC2  _state_ingame_render               State_InGame
     00001BE7  _state_ingame_exit                 State_InGame
     00001BED  _state_mainmenu_enter              State_MainMenu
     00001BF0  _state_mainmenu_input              State_MainMenu
     00001C04  _state_mainmenu_update             State_MainMenu
     00001C05  _state_mainmenu_render             State_MainMenu
     00001C32  _state_mainmenu_exit               State_MainMenu
     00001C33  _statemanager_change_state         StateManager
     00001C5E  _stateArray                        StateManager
ASxxxx Linker V03.00 + NoICE + sdld,  page 3.
Hexadecimal  [32-Bits]

Area                                    Addr        Size        Decimal Bytes (Attributes)
--------------------------------        ----        ----        ------- ----- ------------
_CODE                               00000040    0000444D =       17485. bytes (REL,CON)

      Value  Global                              Global Defined In Module
      -----  --------------------------------   ------------------------
     00001C7C  _currentState                      StateManager
     00001C7D  _changeToState                     StateManager
     00001C7E  _inputReceived                     StateManager
     00001C7F  _last_keyboardStatusBuffer         StateManager
     00001C89  _statemanager_input_accepted       StateManager
     00001C8F  _statemanager_set_state            StateManager
     00001C9A  _scan_input                        StateManager
     00001CEB  _statemanager_manage_input         StateManager
     00001D15  _statemanager_render_state         StateManager
     00001D33  _statemanager_close_state          StateManager
     00001D57  _statemanager_update_state         StateManager
     00001D72  _statemanager_main_loop            StateManager
     00001D80  _state_pausemenu_enter             State_PauseMenu
     00001DA7  _state_pausemenu_input             State_PauseMenu
     00001DD7  _state_pausemenu_update            State_PauseMenu
     00001DD8  _state_pausemenu_render            State_PauseMenu
     00001DD9  _state_pausemenu_exit              State_PauseMenu
     00001DDA  _integer_to_string                 StringUtils
     00001EB8  _charArray                         StringUtils
     00001F38  _i_to_s_buffer                     StringUtils
     00001F41  _print_text                        StringUtils
     000020AE  _print_transparent_text            StringUtils
     000021E6  _uncompress_texture                Textures
     00002294  _theme_textures                    Textures
     0000229C  _enemy_textures                    Textures
     000022A4  _uncompress_theme_textures         Textures
     0000234F  _uncompress_enemy_textures         Textures
     000023DA  _uncompress_item_textures          Textures
     000023DB  _renderCompass                     UI_Compass
     000023FB  _ui_gamemenu_init                  UI_GameMenu
     0000240B  _entriesPosition                   UI_GameMenu
     00002417  _buttonText                        UI_GameMenu
     00002423  _buttonWidths                      UI_GameMenu
     00002443  _ui_gamemenu_next_entry            UI_GameMenu
     00002451  _ui_gamemenu_previous_entry        UI_GameMenu
     00002461  _ui_gamemenu_unselect_entry        UI_GameMenu
     00002467  _ui_gamemenu_select_entry          UI_GameMenu
     0000246D  _ui_gamemenu_render_refresh        UI_GameMenu
     0000252D  _ui_gamemenu_render_all            UI_GameMenu
     000025BD  _ui_gamemenu_get_entry             UI_GameMenu
     000025C5  _ui_gamemenu_is_selected           UI_GameMenu
     000025CD  _compass_tileset                   compass
     000025D5  _compass_compass_0                 compass
     00002655  _compass_compass_1                 compass
     000026D5  _compass_compass_2                 compass
     00002755  _compass_compass_3                 compass
     000027D5  _level0_enemies_tileset            level0_enemies
     000027DD  _level0_enemies_level0_enemies_0   level0_enemies
     000028FD  _level0_enemies_level0_enemies_1   level0_enemies
     00002A1D  _level0_enemies_level0_enemies_2   level0_enemies
     00002B3D  _level0_enemies_level0_enemies_3   level0_enemies
ASxxxx Linker V03.00 + NoICE + sdld,  page 4.
Hexadecimal  [32-Bits]

Area                                    Addr        Size        Decimal Bytes (Attributes)
--------------------------------        ----        ----        ------- ----- ------------
_CODE                               00000040    0000444D =       17485. bytes (REL,CON)

      Value  Global                              Global Defined In Module
      -----  --------------------------------   ------------------------
     00002C5D  _typography_4x6_monospaced         typography_4x6_monospaced
     00002CF3  _level0_walls_tileset              level0_walls
     00002CFD  _level0_walls_level0_walls_0       level0_walls
     00002EFD  _level0_walls_level0_walls_1       level0_walls
     000030FD  _level0_walls_level0_walls_2       level0_walls
     000032FD  _level0_walls_level0_walls_3       level0_walls
     000034FD  _level0_walls_level0_walls_4       level0_walls
     000036FD  _level1_walls_tileset              level1_walls
     00003707  _level1_walls_level1_walls_0       level1_walls
     00003907  _level1_walls_level1_walls_1       level1_walls
     00003B07  _level1_walls_level1_walls_2       level1_walls
     00003D07  _level1_walls_level1_walls_3       level1_walls
     00003F07  _level1_walls_level1_walls_4       level1_walls
     00004107  _cpct_scanKeyboard_f               cpct_keyboard
     00004107  cpct_scanKeyboard_f_asm            cpct_keyboard
     00004171  _cpct_isKeyPressed                 cpct_keyboard
     00004171  cpct_isKeyPressed_asm              cpct_keyboard
     0000417D  _cpct_setPalette                   cpct_video
     00004194  _cpct_setPALColour                 cpct_video
     000041A0  _cpct_drawSprite                   cpct_sprites
     00004245  __moduchar                         
     00004251  __moduint                          
     0000425C  __divuint                          
     00004264  __divuchar                         
     0000426B  __divu8                            
     0000426E  __divu16                           
     0000429D  _cpct_setSeed_lcg_u8               cpct_random
     0000429D  cpct_setSeed_lcg_u8_asm            cpct_random
     000042A2  _cpct_fw2hw                        cpct_video
     000042B5  _cpct_keyboardStatusBuffer         cpct_keyboard
     000042BF  __mulint                           
     000042C7  __mul16                            
     000042DB  ___sdcc_call_hl                    
     000042DC  cpct_firmware2hw_colour            
     000042F7  _cpct_getRandom_lcg_u8             cpct_random
     000042F7  cpct_getRandom_lcg_u8_asm          cpct_random
     000042F8  cpct_randlcgu8_seed                cpct_random
     00004308  _cpct_waitVSYNC                    cpct_video
     00004308  cpct_waitVSYNC_asm                 cpct_video
     00004310  _cpct_setVideoMode                 cpct_video
     0000431E  _cpct_memcpy                       cpct_memutils
     00004326  _cpct_memset                       cpct_memutils
     00004334  _cpct_disableFirmware              cpct_firmware
     00004334  _cpct_removeInterruptHandler       cpct_firmware
     00004334  cpct_disableFirmware_asm           cpct_firmware
     00004334  cpct_removeInterruptHandler_asm    cpct_firmware
     00004344  _cpct_drawSolidBox                 cpct_sprites
     000043FC  _cpct_mode_rom_status              cpct_firmware
     000043FD  _cpct_getScreenPtr                 cpct_video
     0000441D  __divsint                          
     00004426  __divschar                         
ASxxxx Linker V03.00 + NoICE + sdld,  page 5.
Hexadecimal  [32-Bits]

Area                                    Addr        Size        Decimal Bytes (Attributes)
--------------------------------        ----        ----        ------- ----- ------------
_CODE                               00000040    0000444D =       17485. bytes (REL,CON)

      Value  Global                              Global Defined In Module
      -----  --------------------------------   ------------------------
     0000442D  __div8                             
     00004431  __div_signexte                     
     00004435  __div16                            
     0000445B  __get_remainder                    
     00004465  _cpct_setInterruptHandler          cpct_firmware
     00004465  cpct_setInterruptHandler_asm       cpct_firmware
     00004476  cpct_safeInterruptHandlerHook      cpct_firmware
ASxxxx Linker V03.00 + NoICE + sdld,  page 6.
Hexadecimal  [32-Bits]

Area                                    Addr        Size        Decimal Bytes (Attributes)
--------------------------------        ----        ----        ------- ----- ------------
_DATA                               0000448D    000000B5 =         181. bytes (REL,CON)

      Value  Global                              Global Defined In Module
      -----  --------------------------------   ------------------------
     0000448D  _enemyArray                        Enemy
     00004541  _current_level                     Level

ASxxxx Linker V03.00 + NoICE + sdld,  page 7.
Hexadecimal  [32-Bits]

Area                                    Addr        Size        Decimal Bytes (Attributes)
--------------------------------        ----        ----        ------- ----- ------------
_INITIALIZED                        00004542    00000005 =           5. bytes (REL,CON)

      Value  Global                              Global Defined In Module
      -----  --------------------------------   ------------------------
     00004542  _r_counter                         GameFunctions
     00004543  _rand_seed                         Map
     00004544  _lastEntry                         UI_GameMenu
     00004545  _entryIndex                        UI_GameMenu
     00004546  _entrySelected                     UI_GameMenu

ASxxxx Linker V03.00 + NoICE + sdld,  page 8.
Hexadecimal  [32-Bits]

Area                                    Addr        Size        Decimal Bytes (Attributes)
--------------------------------        ----        ----        ------- ----- ------------
_INITIALIZER                        00004547    00000005 =           5. bytes (REL,CON)

      Value  Global                              Global Defined In Module
      -----  --------------------------------   ------------------------
ASxxxx Linker V03.00 + NoICE + sdld,  page 9.

Files Linked                              [ module(s) ]

obj/Enemy.rel                             [ Enemy ]
obj/GameFunctions.rel                     [ GameFunctions ]
obj/Item.rel                              [ Item ]
obj/Level.rel                             [ Level ]
obj/main.rel                              [ main ]
obj/Map.rel                               [ Map ]
obj/Player.rel                            [ Player ]
obj/Renderer.rel                          [ Renderer ]
obj/State_InGame.rel                      [ State_InGame ]
obj/State_MainMenu.rel                    [ State_MainMenu ]
obj/StateManager.rel                      [ StateManager ]
obj/State_PauseMenu.rel                   [ State_PauseMenu ]
obj/StringUtils.rel                       [ StringUtils ]
obj/Textures.rel                          [ Textures ]
obj/UI_Compass.rel                        [ UI_Compass ]
obj/UI_EnemyStats.rel                     [ UI_EnemyStats ]
obj/UI_GameMenu.rel                       [ UI_GameMenu ]
obj/UI_MainMenu.rel                       [ UI_MainMenu ]
obj/UI_PauseMenu.rel                      [ UI_PauseMenu ]
obj/UI_PlayerStats.rel                    [ UI_PlayerStats ]
obj/textures/compass.rel                  [ compass ]
obj/textures/enemies/level0_enemies.rel   [ level0_enemies ]
obj/textures/typography/typography_4x6_monospaced.rel
                                          [ typography_4x6_monospaced ]
obj/textures/walls/level0_walls.rel       [ level0_walls ]
obj/textures/walls/level1_walls.rel       [ level1_walls ]


Libraries Linked                          [ object file ]

/home/albert/cpctelera/cpctelera/cpctelera.lib
                                          [ cpct_scanKeyboard_f.rel ]
/home/albert/cpctelera/cpctelera/cpctelera.lib
                                          [ cpct_isKeyPressed.rel ]
/home/albert/cpctelera/cpctelera/cpctelera.lib
                                          [ cpct_setPalette_cbindings.rel ]
/home/albert/cpctelera/cpctelera/cpctelera.lib
                                          [ cpct_setPALColour_cbindings.rel ]
/home/albert/cpctelera/cpctelera/cpctelera.lib
                                          [ cpct_drawSprite_cbindings.rel ]
/home/albert/cpctelera/cpctelera/tools/sdcc-3.5.5/bin/../share/sdcc/lib/z80/z80.lib
                                          [ modunsigned.rel ]
/home/albert/cpctelera/cpctelera/tools/sdcc-3.5.5/bin/../share/sdcc/lib/z80/z80.lib
                                          [ divunsigned.rel ]
/home/albert/cpctelera/cpctelera/cpctelera.lib
                                          [ cpct_setSeed_lcg_u8.rel ]
/home/albert/cpctelera/cpctelera/cpctelera.lib
                                          [ cpct_fw2hw_cbindings.rel ]
/home/albert/cpctelera/cpctelera/cpctelera.lib
                                          [ keyboard.rel ]
/home/albert/cpctelera/cpctelera/tools/sdcc-3.5.5/bin/../share/sdcc/lib/z80/z80.lib
                                          [ mul.rel ]
/home/albert/cpctelera/cpctelera/tools/sdcc-3.5.5/bin/../share/sdcc/lib/z80/z80.lib
                                          [ __sdcc_call_hl.rel ]
/home/albert/cpctelera/cpctelera/cpctelera.lib
                                          [ cpct_firmware2hw_colour_table.re ]
/home/albert/cpctelera/cpctelera/cpctelera.lib
                                          [ cpct_getRandom_lcg_u8.rel ]
/home/albert/cpctelera/cpctelera/cpctelera.lib
                                          [ cpct_waitVSYNC.rel ]
/home/albert/cpctelera/cpctelera/cpctelera.lib
                                          [ cpct_setVideoMode_cbindings.rel ]
/home/albert/cpctelera/cpctelera/cpctelera.lib
                                          [ cpct_memcpy_cbindings.rel ]
/home/albert/cpctelera/cpctelera/cpctelera.lib
                                          [ cpct_memset_cbinding.rel ]
/home/albert/cpctelera/cpctelera/cpctelera.lib
                                          [ cpct_removeInterruptHandler.rel ]
/home/albert/cpctelera/cpctelera/cpctelera.lib
                                          [ cpct_drawSolidBox_cbindings.rel ]
/home/albert/cpctelera/cpctelera/cpctelera.lib
                                          [ cpc_mode_rom_status.rel ]
/home/albert/cpctelera/cpctelera/cpctelera.lib
                                          [ cpct_getScreenPtr_cbindings.rel ]
/home/albert/cpctelera/cpctelera/tools/sdcc-3.5.5/bin/../share/sdcc/lib/z80/z80.lib
                                          [ divsigned.rel ]
/home/albert/cpctelera/cpctelera/cpctelera.lib
                                          [ cpct_setInterruptHandler.rel ]

ASxxxx Linker V03.00 + NoICE + sdld,  page 10.

User Base Address Definitions

_CODE = 0x0040
_DATA = 0x0000

