ASxxxx Linker V03.00 + NoICE + sdld,  page 1.
Hexadecimal  [32-Bits]

Area                                    Addr        Size        Decimal Bytes (Attributes)
--------------------------------        ----        ----        ------- ----- ------------
.  .ABS.                            00000000    00000000 =           0. bytes (ABS,CON)

      Value  Global                              Global Defined In Module
      -----  --------------------------------   ------------------------
     00000000  .__.ABS.                           cpct_random
     00000000  l__CABS                         
     00000000  l__DABS                         
     00000000  l__GSFINAL                      
     00000000  l__GSINIT                       
     00000000  l__HOME                         
     00000000  l__INITIALIZED                  
     00000000  l__INITIALIZER                  
     00000000  s__CABS                         
     00000000  s__CABS0                        
     00000000  s__DABS                         
     000000CE  l__CABS0                        
     00000140  s__CODE                         
     0000014B  l__DATA                         
     0000851C  l__CODE                         
     0000865C  s__DATA                         
     000087A7  s__GSFINAL                      
     000087A7  s__GSINIT                       
     000087A7  s__HOME                         
     000087A7  s__INITIALIZED                  
     000087A7  s__INITIALIZER                  
ASxxxx Linker V03.00 + NoICE + sdld,  page 2.
Hexadecimal  [32-Bits]

Area                                    Addr        Size        Decimal Bytes (Attributes)
--------------------------------        ----        ----        ------- ----- ------------
_CODE                               00000140    0000851C =       34076. bytes (REL,CON)

      Value  Global                              Global Defined In Module
      -----  --------------------------------   ------------------------
     00000140  _enemy_get_at                      Enemy
     00000157  _enemy_init_enemies                Enemy
     000001B0  _abs                               Enemy
     000001CD  _dist                              Enemy
     000001FC  _enemy_can_view                    Enemy
     000003AA  _enemy_is_adjacent_to_player       Enemy
     000003EE  _enemy_new_enemy                   Enemy
     000004C7  _enemy_try_new_spawn               Enemy
     00000556  _enemy_collision_at_dir            Enemy
     000005D9  _enemy_get_distance_to_obstacle    Enemy
     0000066A  _enemy_remove                      Enemy
     000006A3  _enemy_move                        Enemy
     00000755  _enemy_attack_enemy                Enemy
     00000800  _enemy_attack                      Enemy
     00000885  _enemy_go_to_player                Enemy
     00000961  _enemy_flee                        Enemy
     00000A86  _enemy_roam                        Enemy
     00000B7E  _enemy_AI_passive                  Enemy
     00000C0F  _enemy_AI_aggressive               Enemy
     00000C7A  _enemy_update                      Enemy
     00000CB5  _game_interrupt_handler            GameFunctions
     00000CEC  _set_music                         GameFunctions
     00000D05  _movement_directionArray           GameFunctions
     00000D0D  _remove_music                      GameFunctions
     00000D17  _stop_music                        GameFunctions
     00000D1A  _game_init                         GameFunctions
     00000D69  _item_get_at                       Item
     00000D82  _item_init_items                   Item
     00000D9B  _item_try_new_spawn                Item
     00000DCE  _item_new_item                     Item
     00000F83  _item_try_new_spawn_at             Item
     00000FC7  _item_pick_item                    Item
     000010B0  _item_destroy_item                 Item
     000010EA  _item_use_potion                   Item
     00001112  _item_use_scroll                   Item
     00001159  _level_get_level                   Level
     00001161  _menu_palette                      Level
     0000116A  _level_palettes                    Level
     0000118E  _level_set_level                   Level
     00001197  _level_init_palettes               Level
     000011CF  _setMenuPalette                    Level
     000011EA  _setLevelPalette                   Level
     0000121D  _level_load_level                  Level
     0000124A  _main                              main
     00001257  _map_get_seed                      Map
     0000125B  _get_random_wall                   Map
     00001278  _generate_final_map                Map
     0000130A  _generate_map                      Map
     000017DC  _generate_exit_door                Map
     00001985  _generate_level                    Map
ASxxxx Linker V03.00 + NoICE + sdld,  page 3.
Hexadecimal  [32-Bits]

Area                                    Addr        Size        Decimal Bytes (Attributes)
--------------------------------        ----        ----        ------- ----- ------------
_CODE                               00000140    0000851C =       34076. bytes (REL,CON)

      Value  Global                              Global Defined In Module
      -----  --------------------------------   ------------------------
     0000198E  _generate_level_with_seed          Map
     000019CA  _player_init                       Player
     000019EE  _player_position                   Player
     000019F0  _player_direction                  Player
     000019F2  _player_turn_left                  Player
     00001A1B  _player_turn_right                 Player
     00001A44  _player_move_forward               Player
     00001A5F  _player_get_direction_index        Player
     00001A67  _calculate_cells_in_view           Renderer
     00001C18  _g_palette                         Renderer
     00001C28  _g_colors                          Renderer
     00001C38  _g_pixelMask                       Renderer
     00001C3A  _cells_in_view_array               Renderer
     00001C3C  _offsets_cells_in_view             Renderer
     00001C41  _draw_column_to_buffer_untexture   Renderer
     00001CB9  _draw_column_to_buffer_object      Renderer
     00001DB4  _draw_column_to_buffer_enemy       Renderer
     00001EFA  _draw_column_to_buffer             Renderer
     0000202B  _render_draw_to_buffer             Renderer
     00002BF1  _draw_minimap_to_buffer            Renderer
     00002D3A  _str_cmp                           SaveGame
     00002D5F  _saveArray                         SaveGame
     00002D61  _savegame_string_to_save           SaveGame
     00002DBD  _savegame_checksave                SaveGame
     00002DE7  _savegame_to_string                SaveGame
     00002E2E  _savegame_Save                     SaveGame
     00002E9A  _savegame_decrypt_save             SaveGame
     00002EAD  _savegame_Load                     SaveGame
     00002F46  _savegame_get_saveString           SaveGame
     00002F4A  _state_credits_enter               State_Credits
     0000302B  _state_credits_return              State_Credits
     0000302C  _state_credits_input               State_Credits
     00003035  _state_credits_update              State_Credits
     00003038  _state_credits_render              State_Credits
     00003039  _state_credits_exit                State_Credits
     0000304E  _state_gameover_enter              State_GameOver
     000030B4  _state_gameover_return             State_GameOver
     000030B5  _state_gameover_input              State_GameOver
     000030BE  _state_gameover_update             State_GameOver
     000030C6  _state_gameover_render             State_GameOver
     000030C7  _state_gameover_exit               State_GameOver
     000030C8  _state_ingame_enter                State_InGame
     000030F0  _state_ingame_update_turn          State_InGame
     00003115  _state_ingame_update_buffers       State_InGame
     0000311B  _state_ingame_return               State_InGame
     00003137  _state_ingame_input                State_InGame
     00003186  _state_ingame_update               State_InGame
     000032CF  _state_ingame_render               State_InGame
     000032F4  _state_ingame_exit                 State_InGame
     000032F5  _state_inventory_enter             State_Inventory
     00003329  _state_inventory_return            State_Inventory
ASxxxx Linker V03.00 + NoICE + sdld,  page 4.
Hexadecimal  [32-Bits]

Area                                    Addr        Size        Decimal Bytes (Attributes)
--------------------------------        ----        ----        ------- ----- ------------
_CODE                               00000140    0000851C =       34076. bytes (REL,CON)

      Value  Global                              Global Defined In Module
      -----  --------------------------------   ------------------------
     0000332A  _state_inventory_object_used       State_Inventory
     00003332  _state_inventory_input             State_Inventory
     00003361  _state_inventory_update            State_Inventory
     00003394  _state_inventory_render            State_Inventory
     00003397  _state_inventory_exit              State_Inventory
     000033AC  _state_loadgame_enter              State_LoadGame
     000033DD  _state_loadgame_return             State_LoadGame
     000033DE  _state_loadgame_input              State_LoadGame
     0000362A  _state_loadgame_update             State_LoadGame
     00003653  _state_loadgame_render             State_LoadGame
     00003656  _state_loadgame_exit               State_LoadGame
     0000366B  _state_loadlevel_enter             State_LoadLevel
     000036D3  _state_loadlevel_return            State_LoadLevel
     000036D4  _state_loadlevel_input             State_LoadLevel
     000036D7  _state_loadlevel_update            State_LoadLevel
     000036F4  _state_loadlevel_render            State_LoadLevel
     000036F5  _state_loadlevel_exit              State_LoadLevel
     000036F6  _dec_main_bg                       State_MainMenu
     000037BB  _draw_main_bg                      State_MainMenu
     000037DA  _state_mainmenu_enter              State_MainMenu
     00003802  _state_mainmenu_return             State_MainMenu
     00003819  _state_mainmenu_input              State_MainMenu
     00003848  _state_mainmenu_update             State_MainMenu
     000038AF  _state_mainmenu_render             State_MainMenu
     000038B2  _state_mainmenu_exit               State_MainMenu
     000038B3  _statemanager_drop_state           StateManager
     00003909  _stateArray                        StateManager
     000039A3  _closeState                        StateManager
     000039A4  _currentState                      StateManager
     000039A5  _changeToState                     StateManager
     000039A6  _inputReceived                     StateManager
     000039A7  _gameRunning                       StateManager
     000039A8  _last_keyboardStatusBuffer         StateManager
     000039B2  _statemanager_change_state         StateManager
     000039FB  _statemanager_input_accepted       StateManager
     00003A01  _statemanager_set_state            StateManager
     00003A0C  _scan_input                        StateManager
     00003A58  _statemanager_manage_input         StateManager
     00003A85  _statemanager_render_state         StateManager
     00003AA4  _statemanager_close_state          StateManager
     00003AAA  _statemanager_update_state         StateManager
     00003AC6  _statemanager_exit_game            StateManager
     00003ACC  _statemanager_main_loop            StateManager
     00003AE2  _state_options_enter               State_Options
     00003B10  _state_options_return              State_Options
     00003B11  _state_options_input               State_Options
     00003B40  _state_options_update              State_Options
     00003B98  _state_options_render              State_Options
     00003B9B  _state_options_exit                State_Options
     00003BB0  _state_pausemenu_enter             State_PauseMenu
     00003BDE  _state_pausemenu_return            State_PauseMenu
ASxxxx Linker V03.00 + NoICE + sdld,  page 5.
Hexadecimal  [32-Bits]

Area                                    Addr        Size        Decimal Bytes (Attributes)
--------------------------------        ----        ----        ------- ----- ------------
_CODE                               00000140    0000851C =       34076. bytes (REL,CON)

      Value  Global                              Global Defined In Module
      -----  --------------------------------   ------------------------
     00003C09  _state_pausemenu_input             State_PauseMenu
     00003C38  _state_pausemenu_update            State_PauseMenu
     00003C83  _state_pausemenu_render            State_PauseMenu
     00003C86  _state_pausemenu_exit              State_PauseMenu
     00003C9B  _state_saveexit_enter              State_SaveExit
     00003CF8  _state_saveexit_return             State_SaveExit
     00003CF9  _state_saveexit_input              State_SaveExit
     00003D09  _state_saveexit_update             State_SaveExit
     00003D0A  _state_saveexit_render             State_SaveExit
     00003D0B  _state_saveexit_exit               State_SaveExit
     00003D0C  _state_victory_enter               State_Victory
     00003D73  _state_victory_return              State_Victory
     00003D74  _state_victory_input               State_Victory
     00003D7D  _state_victory_update              State_Victory
     00003D85  _state_victory_render              State_Victory
     00003D86  _state_victory_exit                State_Victory
     00003D87  _ui_stringinput_init               StringInput
     00003D9B  _ui_stringinput_add_char           StringInput
     00003DB9  _ui_stringinput_get_string         StringInput
     00003DBD  _ui_stringinput_remove_char        StringInput
     00003DD2  _integer_to_string                 StringUtils
     00003EB0  _charArray                         StringUtils
     00003F30  _i_to_s_buffer                     StringUtils
     00003F39  _print_text                        StringUtils
     00004114  _print_transparent_text            StringUtils
     0000426B  _uncompress_texture_rle            Textures
     000042CF  _theme_textures                    Textures
     000042D7  _theme_textures_length             Textures
     000042DF  _enemy_textures                    Textures
     000042E9  _enemy_textures_length             Textures
     000042F3  _uncompress_theme_textures         Textures
     00004322  _uncompress_enemy_textures         Textures
     00004395  _uncompress_item_textures          Textures
     000043AA  _renderCompass                     UI_Compass
     000043C6  _ui_gamemenu_init                  UI_GameMenu
     000043D8  _ui_gamemenu_entriesPosition       UI_GameMenu
     000043E6  _ui_gamemenu_entriesTextPosition   UI_GameMenu
     000043F4  _ui_gamemenu_action_buttonText     UI_GameMenu
     000043FA  _ui_gamemenu_buttonText            UI_GameMenu
     00004408  _ui_gamemenu_buttonWidths          UI_GameMenu
     00004447  _ui_gamemenu_above_entry           UI_GameMenu
     00004468  _ui_gamemenu_below_entry           UI_GameMenu
     0000447F  _ui_gamemenu_next_entry            UI_GameMenu
     0000448C  _ui_gamemenu_previous_entry        UI_GameMenu
     0000449C  _ui_gamemenu_unselect_entry        UI_GameMenu
     000044A2  _ui_gamemenu_select_entry          UI_GameMenu
     000044A8  _ui_gamemenu_render_button         UI_GameMenu
     0000451F  _ui_gamemenu_render_refresh        UI_GameMenu
     00004547  _ui_gamemenu_render_all            UI_GameMenu
     00004597  _ui_gamemenu_get_entry             UI_GameMenu
     0000459F  _ui_gamemenu_is_selected           UI_GameMenu
ASxxxx Linker V03.00 + NoICE + sdld,  page 6.
Hexadecimal  [32-Bits]

Area                                    Addr        Size        Decimal Bytes (Attributes)
--------------------------------        ----        ----        ------- ----- ------------
_CODE                               00000140    0000851C =       34076. bytes (REL,CON)

      Value  Global                              Global Defined In Module
      -----  --------------------------------   ------------------------
     000045A7  _ui_gamemenu_update_action         UI_GameMenu
     00004638  _ui_gamemenu_get_movement          UI_GameMenu
     00004640  _ui_gamemenu_get_action            UI_GameMenu
     00004648  _ui_inventory_init                 UI_Inventory
     00004658  _ui_inventory_entriesPosition      UI_Inventory
     0000465E  _ui_inventory_entriesTextPositio   UI_Inventory
     00004664  _ui_inventory_buttonText           UI_Inventory
     00004673  _ui_inventory_get_entry            UI_Inventory
     0000467B  _ui_inventory_is_selected          UI_Inventory
     00004683  _ui_inventory_next_entry           UI_Inventory
     00004691  _ui_inventory_previous_entry       UI_Inventory
     000046A1  _ui_inventory_select_entry         UI_Inventory
     000046A7  _ui_inventory_unselect_entry       UI_Inventory
     000046AD  _ui_inventory_render_button        UI_Inventory
     00004717  _ui_inventory_render_refresh       UI_Inventory
     00004730  _ui_inventory_render_all           UI_Inventory
     0000477A  _ui_loadgame_init                  UI_LoadGame
     0000478A  _ui_loadgame_entriesPosition       UI_LoadGame
     0000478E  _ui_loadgame_entriesTextPosition   UI_LoadGame
     00004792  _ui_loadgame_buttonText            UI_LoadGame
     000047A0  _ui_loadgame_get_entry             UI_LoadGame
     000047A8  _ui_loadgame_is_selected           UI_LoadGame
     000047B0  _ui_loadgame_next_entry            UI_LoadGame
     000047C4  _ui_loadgame_previous_entry        UI_LoadGame
     000047D5  _ui_loadgame_select_entry          UI_LoadGame
     000047DB  _ui_loadgame_unselect_entry        UI_LoadGame
     000047E1  _ui_loadgame_render_button         UI_LoadGame
     0000484B  _ui_loadgame_render_all            UI_LoadGame
     0000488D  _ui_log_init                       UI_Log
     000048CF  _ui_log_add_log                    UI_Log
     0000491A  _ui_log_render                     UI_Log
     0000498D  _ui_mainmenu_init                  UI_MainMenu
     0000499D  _ui_mainmenu_entriesPosition       UI_MainMenu
     000049A5  _ui_mainmenu_entriesTextPosition   UI_MainMenu
     000049AD  _ui_mainmenu_buttonText            UI_MainMenu
     000049D8  _ui_mainmenu_next_entry            UI_MainMenu
     000049E6  _ui_mainmenu_previous_entry        UI_MainMenu
     000049F6  _ui_mainmenu_unselect_entry        UI_MainMenu
     000049FC  _ui_mainmenu_select_entry          UI_MainMenu
     00004A02  _ui_mainmenu_render_button         UI_MainMenu
     00004A6C  _ui_mainmenu_render_refresh        UI_MainMenu
     00004A85  _ui_mainmenu_render_all            UI_MainMenu
     00004A9D  _ui_mainmenu_get_entry             UI_MainMenu
     00004AA5  _ui_mainmenu_is_selected           UI_MainMenu
     00004AAD  _ui_options_set_strings            UI_Options
     00004AD5  _ui_options_entriesPosition        UI_Options
     00004ADB  _ui_options_entriesTextPosition    UI_Options
     00004AE1  _ui_options_on_off                 UI_Options
     00004AE5  _ui_options_buttonText             UI_Options
     00004AF8  _ui_options_init                   UI_Options
     00004B0A  _ui_options_get_entry              UI_Options
ASxxxx Linker V03.00 + NoICE + sdld,  page 7.
Hexadecimal  [32-Bits]

Area                                    Addr        Size        Decimal Bytes (Attributes)
--------------------------------        ----        ----        ------- ----- ------------
_CODE                               00000140    0000851C =       34076. bytes (REL,CON)

      Value  Global                              Global Defined In Module
      -----  --------------------------------   ------------------------
     00004B12  _ui_options_is_selected            UI_Options
     00004B1A  _ui_options_next_entry             UI_Options
     00004B28  _ui_options_previous_entry         UI_Options
     00004B38  _ui_options_select_entry           UI_Options
     00004B3E  _ui_options_unselect_entry         UI_Options
     00004B44  _ui_options_render_button          UI_Options
     00004BAE  _ui_options_render_refresh         UI_Options
     00004BC7  _ui_options_render_all             UI_Options
     00004C12  _ui_pausemenu_init                 UI_PauseMenu
     00004C22  _ui_pausemenu_entriesPosition      UI_PauseMenu
     00004C2A  _ui_pausemenu_entriesTextPositio   UI_PauseMenu
     00004C32  _ui_pausemenu_buttonText           UI_PauseMenu
     00004C5E  _ui_pausemenu_get_entry            UI_PauseMenu
     00004C66  _ui_pausemenu_is_selected          UI_PauseMenu
     00004C6E  _ui_pausemenu_next_entry           UI_PauseMenu
     00004C7C  _ui_pausemenu_previous_entry       UI_PauseMenu
     00004C8C  _ui_pausemenu_select_entry         UI_PauseMenu
     00004C92  _ui_pausemenu_unselect_entry       UI_PauseMenu
     00004C98  _ui_pausemenu_render_button        UI_PauseMenu
     00004D02  _ui_pausemenu_render_refresh       UI_PauseMenu
     00004D1B  _ui_pausemenu_render_all           UI_PauseMenu
     00004D33  _ui_playerstats_render_all         UI_PlayerStats
     00004D59  _strings                           UI_PlayerStats
     00004D73  _ui_playerstats_render_hp          UI_PlayerStats
     00004DD4  _ui_playerstats_render_attack      UI_PlayerStats
     00004E0A  _ui_playerstats_render_defense     UI_PlayerStats
     00004E40  _ui_playerstats_render_potions     UI_PlayerStats
     00004E76  _ui_playerstats_render_scrolls     UI_PlayerStats
     00004EAC  _ui_playerstats_render_key         UI_PlayerStats
     00004EF8  _compass_tileset                   compass
     00004F00  _compass_compass_0                 compass
     00004F80  _compass_compass_1                 compass
     00005000  _compass_compass_2                 compass
     00005080  _compass_compass_3                 compass
     00005100  _items_tileset                     items_tileset
     0000524A  _menu_bg                           menu_bg
     0000583B  _camelot_enemy                     camelot_enemy
     000058B6  _king_enemy                        king_enemy
     0000596E  _level0_enemies                    level0_enemies
     000059F2  _level1_enemies                    level1_enemies
     00005A9D  _level2_enemies                    level2_enemies
     00005B18  _level3_enemies                    level3_enemies
     00005BCF  _rat_enemy                         rat_enemy
     00005C3B  _typography_4x6_monospaced         typography_4x6_monospaced
     00005CD1  _level0_walls                      level0_walls
     0000628E  _level1_walls                      level1_walls
     00006AE3  _level2_walls                      level2_walls
     00007311  _level3_walls                      level3_walls
     00007A08  __divuint                          
     00007A10  __divuchar                         
     00007A17  __divu8                            
ASxxxx Linker V03.00 + NoICE + sdld,  page 8.
Hexadecimal  [32-Bits]

Area                                    Addr        Size        Decimal Bytes (Attributes)
--------------------------------        ----        ----        ------- ----- ------------
_CODE                               00000140    0000851C =       34076. bytes (REL,CON)

      Value  Global                              Global Defined In Module
      -----  --------------------------------   ------------------------
     00007A1A  __divu16                           
     00007A49  _cpct_scanKeyboard_f               cpct_keyboard
     00007A49  cpct_scanKeyboard_f_asm            cpct_keyboard
     00007AB3  _cpct_isKeyPressed                 cpct_keyboard
     00007AB3  cpct_isKeyPressed_asm              cpct_keyboard
     00007ABF  _cpct_setPalette                   cpct_video
     00007AD6  _cpct_setPALColour                 cpct_video
     00007AE2  _cpct_akp_digidrumStatus           cpct_audio
     00007AE3  _cpct_akp_songLoopTimes            cpct_audio
     00007AE4  _cpct_akp_musicPlay                cpct_audio
     00007AE4  cpct_akp_musicPlay_asm             cpct_audio
     000081E7  _cpct_akp_musicInit                cpct_audio
     000081EE  cpct_akp_musicInit_asm             cpct_audio
     00008247  _cpct_akp_stop                     cpct_audio
     00008247  cpct_akp_stop_asm                  cpct_audio
     0000825A  _cpct_akp_SFXGetInstrument         cpct_audio
     0000825F  cpct_akp_SFXGetInstrument_asm      cpct_audio
     00008273  _cpct_akp_SFXInit                  cpct_audio
     0000827A  cpct_akp_SFXInit_asm               cpct_audio
     00008281  _cpct_akp_SFXStopAll               cpct_audio
     00008281  cpct_akp_SFXStopAll_asm            cpct_audio
     0000828E  _cpct_akp_SFXPlay                  cpct_audio
     000082A0  cpct_akp_SFXPlay_asm               cpct_audio
     000082ED  _cpct_akp_SFXStop                  cpct_audio
     000082F2  cpct_akp_SFXStop_asm               cpct_audio
     0000830B  _cpct_drawSprite                   cpct_sprites
     000083B0  __moduchar                         
     000083BC  __moduint                          
     000083C7  _cpct_fw2hw                        cpct_video
     000083DA  _cpct_keyboardStatusBuffer         cpct_keyboard
     000083E4  __mulint                           
     000083EC  __mul16                            
     00008400  _cpct_setSeed_mxor                 cpct_random
     00008400  cpct_setSeed_mxor_asm              cpct_random
     00008408  _cpct_restoreState_mxor_u8         cpct_random
     00008408  cpct_restoreState_mxor_u8_asm      cpct_random
     0000840E  _cpct_getRandom_mxor_u8            cpct_random
     0000840E  cpct_getRandom_mxor_u8             cpct_random
     0000840F  cpct_randomIdx_mxor_u8             cpct_random
     00008433  _cpct_nextRandom_mxor_u32          cpct_random
     00008433  cpct_nextRandom_mxor_u32_asm       cpct_random
     00008456  ___sdcc_call_hl                    
     00008457  _cpct_getRandom_mxor_u16           cpct_random
     00008457  cpct_getRandom_mxor_u16            cpct_random
     00008479  cpct_firmware2hw_colour            
     00008494  _cpct_hflipSpriteM0                cpct_sprites
     000084D8  _cpct_waitVSYNC                    cpct_video
     000084D8  cpct_waitVSYNC_asm                 cpct_video
     000084E0  _cpct_isAnyKeyPressed_f            cpct_keyboard
     000084E0  cpct_isAnyKeyPressed_f_asm         cpct_keyboard
     000084FB  _cpct_setVideoMode                 cpct_video
ASxxxx Linker V03.00 + NoICE + sdld,  page 9.
Hexadecimal  [32-Bits]

Area                                    Addr        Size        Decimal Bytes (Attributes)
--------------------------------        ----        ----        ------- ----- ------------
_CODE                               00000140    0000851C =       34076. bytes (REL,CON)

      Value  Global                              Global Defined In Module
      -----  --------------------------------   ------------------------
     00008509  _cpct_memcpy                       cpct_memutils
     00008511  _cpct_memset                       cpct_memutils
     0000851F  _cpct_disableFirmware              cpct_firmware
     0000851F  _cpct_removeInterruptHandler       cpct_firmware
     0000851F  cpct_disableFirmware_asm           cpct_firmware
     0000851F  cpct_removeInterruptHandler_asm    cpct_firmware
     0000852F  _cpct_drawSolidBox                 cpct_sprites
     000085E7  _cpct_mode_rom_status              cpct_firmware
     000085E8  __divsint                          
     000085F1  __divschar                         
     000085F8  __div8                             
     000085FC  __div_signexte                     
     00008600  __div16                            
     00008626  __get_remainder                    
     00008630  _cpct_setInterruptHandler          cpct_firmware
     00008630  cpct_setInterruptHandler_asm       cpct_firmware
     00008641  cpct_safeInterruptHandlerHook      cpct_firmware
     00008658  _cpct_mxor32_seed                  cpct_random

ASxxxx Linker V03.00 + NoICE + sdld,  page 10.
Hexadecimal  [32-Bits]

Area                                    Addr        Size        Decimal Bytes (Attributes)
--------------------------------        ----        ----        ------- ----- ------------
_DATA                               0000865C    0000014B =         331. bytes (REL,CON)

      Value  Global                              Global Defined In Module
      -----  --------------------------------   ------------------------
     0000865C  _activeEnemies                     Enemy
     0000865D  _enemyArray                        Enemy
     000086D5  _r_counter                         GameFunctions
     000086D7  _music_on                          GameFunctions
     000086D8  _textures_on                       GameFunctions
     000086D9  _syncmusic_counter                 GameFunctions
     000086DA  _currentMusic                      GameFunctions
     000086DC  _camelot_warriors_mode             GameFunctions
     000086DD  _activeItems                       Item
     000086DE  _item_spawnedKey                   Item
     000086DF  _itemArray                         Item
     00008702  _current_level                     Level
     00008703  _rand_seed                         Map
     00008705  _player_defense_value              Player
     00008706  _player_attack_value               Player
     00008707  _player_health_points              Player
     00008708  _player_is_dead                    Player
     00008709  _player_has_key                    Player
     0000870A  _player_potion_count               Player
     0000870B  _player_scroll_count               Player
     0000870C  _player_directionIndex             Player
     0000870D  _save                              SaveGame
     00008716  _saveString                        SaveGame
     00008729  _updateRenderBuffer                State_InGame
     0000872A  _action                            State_InGame
     0000872B  _object_used                       State_Inventory
     0000872C  _level_seed                        State_LoadLevel
     0000872E  _inputString                       StringInput
     00008741  _currentPos                        StringInput
     00008742  _ui_gamemenu_lastEntry             UI_GameMenu
     00008743  _ui_gamemenu_entryIndex            UI_GameMenu
     00008744  _ui_gamemenu_entrySelected         UI_GameMenu
     00008745  _ui_gamemenu_can_move              UI_GameMenu
     00008746  _ui_gamemenu_action                UI_GameMenu
     00008747  _ui_inventory_lastEntry            UI_Inventory
     00008748  _ui_inventory_entryIndex           UI_Inventory
     00008749  _ui_inventory_entrySelected        UI_Inventory
     0000874A  _ui_loadgame_lastEntry             UI_LoadGame
     0000874B  _ui_loadgame_entryIndex            UI_LoadGame
     0000874C  _ui_loadgame_entrySelected         UI_LoadGame
     0000874D  _ui_log_currentString              UI_Log
     0000874E  _ui_log_textStrings                UI_Log
     0000879E  _ui_mainmenu_lastEntry             UI_MainMenu
     0000879F  _ui_mainmenu_entryIndex            UI_MainMenu
     000087A0  _ui_mainmenu_entrySelected         UI_MainMenu
     000087A1  _ui_options_lastEntry              UI_Options
     000087A2  _ui_options_entryIndex             UI_Options
     000087A3  _ui_options_entrySelected          UI_Options
     000087A4  _ui_pausemenu_lastEntry            UI_PauseMenu
     000087A5  _ui_pausemenu_entryIndex           UI_PauseMenu
ASxxxx Linker V03.00 + NoICE + sdld,  page 11.
Hexadecimal  [32-Bits]

Area                                    Addr        Size        Decimal Bytes (Attributes)
--------------------------------        ----        ----        ------- ----- ------------
_DATA                               0000865C    0000014B =         331. bytes (REL,CON)

      Value  Global                              Global Defined In Module
      -----  --------------------------------   ------------------------
     000087A6  _ui_pausemenu_entrySelected        UI_PauseMenu
ASxxxx Linker V03.00 + NoICE + sdld,  page 12.
Hexadecimal  [32-Bits]

Area                                    Addr        Size        Decimal Bytes (Attributes)
--------------------------------        ----        ----        ------- ----- ------------
_CABS0                              00000000    000000CE =         206. bytes (ABS,CON)

      Value  Global                              Global Defined In Module
      -----  --------------------------------   ------------------------
     00000040  _GameMusic                         music

ASxxxx Linker V03.00 + NoICE + sdld,  page 13.

Files Linked                              [ module(s) ]

obj/Enemy.rel                             [ Enemy ]
obj/GameFunctions.rel                     [ GameFunctions ]
obj/Item.rel                              [ Item ]
obj/Level.rel                             [ Level ]
obj/LoadGame.rel                          [ LoadGame ]
obj/main.rel                              [ main ]
obj/Map.rel                               [ Map ]
obj/Player.rel                            [ Player ]
obj/Renderer.rel                          [ Renderer ]
obj/SaveGame.rel                          [ SaveGame ]
obj/State_Credits.rel                     [ State_Credits ]
obj/State_GameOver.rel                    [ State_GameOver ]
obj/State_InGame.rel                      [ State_InGame ]
obj/State_Inventory.rel                   [ State_Inventory ]
obj/State_LoadGame.rel                    [ State_LoadGame ]
obj/State_LoadLevel.rel                   [ State_LoadLevel ]
obj/State_MainMenu.rel                    [ State_MainMenu ]
obj/StateManager.rel                      [ StateManager ]
obj/State_Options.rel                     [ State_Options ]
obj/State_PauseMenu.rel                   [ State_PauseMenu ]
obj/State_SaveExit.rel                    [ State_SaveExit ]
obj/State_Victory.rel                     [ State_Victory ]
obj/StringInput.rel                       [ StringInput ]
obj/StringUtils.rel                       [ StringUtils ]
obj/Textures.rel                          [ Textures ]
obj/UI_Compass.rel                        [ UI_Compass ]
obj/UI_GameMenu.rel                       [ UI_GameMenu ]
obj/UI_Inventory.rel                      [ UI_Inventory ]
obj/UI_LoadGame.rel                       [ UI_LoadGame ]
obj/UI_Log.rel                            [ UI_Log ]
obj/UI_MainMenu.rel                       [ UI_MainMenu ]
obj/UI_Options.rel                        [ UI_Options ]
obj/UI_PauseMenu.rel                      [ UI_PauseMenu ]
obj/UI_PlayerStats.rel                    [ UI_PlayerStats ]
obj/music/music.rel                       [ music ]
obj/textures/compass.rel                  [ compass ]
obj/textures/items_tileset.rel            [ items_tileset ]
obj/textures/menu_bg.rel                  [ menu_bg ]
obj/textures/enemies/camelot_enemy.rel    [ camelot_enemy ]
obj/textures/enemies/king_enemy.rel       [ king_enemy ]
obj/textures/enemies/level0_enemies.rel   [ level0_enemies ]
obj/textures/enemies/level1_enemies.rel   [ level1_enemies ]
obj/textures/enemies/level2_enemies.rel   [ level2_enemies ]
obj/textures/enemies/level3_enemies.rel   [ level3_enemies ]
obj/textures/enemies/rat_enemy.rel        [ rat_enemy ]
obj/textures/typography/typography_4x6_monospaced.rel
                                          [ typography_4x6_monospaced ]
obj/textures/walls/level0_walls.rel       [ level0_walls ]
obj/textures/walls/level1_walls.rel       [ level1_walls ]
obj/textures/walls/level2_walls.rel       [ level2_walls ]
obj/textures/walls/level3_walls.rel       [ level3_walls ]


Libraries Linked                          [ object file ]

/home/albert/cpctelera/cpctelera/tools/sdcc-3.5.5/bin/../share/sdcc/lib/z80/z80.lib
                                          [ divunsigned.rel ]
/home/albert/cpctelera/cpctelera/cpctelera.lib
                                          [ cpct_scanKeyboard_f.rel ]
/home/albert/cpctelera/cpctelera/cpctelera.lib
                                          [ cpct_isKeyPressed.rel ]
/home/albert/cpctelera/cpctelera/cpctelera.lib
                                          [ cpct_setPalette_cbindings.rel ]
/home/albert/cpctelera/cpctelera/cpctelera.lib
                                          [ cpct_setPALColour_cbindings.rel ]
/home/albert/cpctelera/cpctelera/cpctelera.lib
                                          [ arkostracker.rel ]
/home/albert/cpctelera/cpctelera/cpctelera.lib
                                          [ cpct_drawSprite_cbindings.rel ]
/home/albert/cpctelera/cpctelera/tools/sdcc-3.5.5/bin/../share/sdcc/lib/z80/z80.lib
                                          [ modunsigned.rel ]
/home/albert/cpctelera/cpctelera/cpctelera.lib
                                          [ cpct_fw2hw_cbindings.rel ]
/home/albert/cpctelera/cpctelera/cpctelera.lib
                                          [ keyboard.rel ]
/home/albert/cpctelera/cpctelera/tools/sdcc-3.5.5/bin/../share/sdcc/lib/z80/z80.lib
                                          [ mul.rel ]
/home/albert/cpctelera/cpctelera/cpctelera.lib
                                          [ cpct_setSeed_mxor.rel ]
/home/albert/cpctelera/cpctelera/cpctelera.lib
                                          [ cpct_restoreState_mxor_u8.rel ]
/home/albert/cpctelera/cpctelera/cpctelera.lib
                                          [ cpct_getRandom_mxor_u8.rel ]
/home/albert/cpctelera/cpctelera/cpctelera.lib
                                          [ cpct_nextRandom_mxor_u32.rel ]
/home/albert/cpctelera/cpctelera/tools/sdcc-3.5.5/bin/../share/sdcc/lib/z80/z80.lib
                                          [ __sdcc_call_hl.rel ]
/home/albert/cpctelera/cpctelera/cpctelera.lib
                                          [ cpct_getRandom_mxor_u16.rel ]
/home/albert/cpctelera/cpctelera/cpctelera.lib
                                          [ cpct_firmware2hw_colour_table.re ]
/home/albert/cpctelera/cpctelera/cpctelera.lib
                                          [ cpct_hflipSpriteM0_cbindings.rel ]
/home/albert/cpctelera/cpctelera/cpctelera.lib
                                          [ cpct_waitVSYNC.rel ]
/home/albert/cpctelera/cpctelera/cpctelera.lib
                                          [ cpct_isAnyKeyPressed_f.rel ]
/home/albert/cpctelera/cpctelera/cpctelera.lib
                                          [ cpct_setVideoMode_cbindings.rel ]
/home/albert/cpctelera/cpctelera/cpctelera.lib
                                          [ cpct_memcpy_cbindings.rel ]
/home/albert/cpctelera/cpctelera/cpctelera.lib
                                          [ cpct_memset_cbinding.rel ]
/home/albert/cpctelera/cpctelera/cpctelera.lib
                                          [ cpct_removeInterruptHandler.rel ]
/home/albert/cpctelera/cpctelera/cpctelera.lib
                                          [ cpct_drawSolidBox_cbindings.rel ]
/home/albert/cpctelera/cpctelera/cpctelera.lib
                                          [ cpc_mode_rom_status.rel ]
/home/albert/cpctelera/cpctelera/tools/sdcc-3.5.5/bin/../share/sdcc/lib/z80/z80.lib
                                          [ divsigned.rel ]
/home/albert/cpctelera/cpctelera/cpctelera.lib
                                          [ cpct_setInterruptHandler.rel ]
/home/albert/cpctelera/cpctelera/cpctelera.lib
                                          [ cpct_mxor32_seed.rel ]

ASxxxx Linker V03.00 + NoICE + sdld,  page 14.

User Base Address Definitions

_CODE = 0x0140
_DATA = 0x0000

