ASxxxx Linker V03.00 + NoICE + sdld,  page 1.
Hexadecimal  [32-Bits]

Area                                    Addr        Size        Decimal Bytes (Attributes)
--------------------------------        ----        ----        ------- ----- ------------
.  .ABS.                            00000000    00000000 =           0. bytes (ABS,CON)

      Value  Global                              Global Defined In Module
      -----  --------------------------------   ------------------------
     00000000  .__.ABS.                           cpct_firmware
     00000000  l__CABS                         
     00000000  l__DABS                         
     00000000  l__GSFINAL                      
     00000000  l__GSINIT                       
     00000000  l__HOME                         
     00000000  s__CABS                         
     00000000  s__DABS                         
     00000004  l__INITIALIZED                  
     00000004  l__INITIALIZER                  
     00000040  s__CODE                         
     000000B5  l__DATA                         
     00004084  l__CODE                         
     000040C4  s__DATA                         
     00004179  s__INITIALIZED                  
     0000417D  s__GSFINAL                      
     0000417D  s__GSINIT                       
     0000417D  s__HOME                         
     0000417D  s__INITIALIZER                  

ASxxxx Linker V03.00 + NoICE + sdld,  page 2.
Hexadecimal  [32-Bits]

Area                                    Addr        Size        Decimal Bytes (Attributes)
--------------------------------        ----        ----        ------- ----- ------------
_CODE                               00000040    00004084 =       16516. bytes (REL,CON)

      Value  Global                              Global Defined In Module
      -----  --------------------------------   ------------------------
     00000040  _abs                               Enemy
     0000004A  _activeEnemies                     Enemy
     0000004B  _Enemy_spawn_new                   Enemy
     00000084  _Enemy_update_logic                Enemy
     00000085  _game_interrupt_handler            GameFunctions
     0000008A  _game_init                         GameFunctions
     000000CF  _level_get_level                   Level
     000000D7  _level_palettes                    Level
     000000FF  _level_set_level                   Level
     00000108  _level_init_palettes               Level
     00000135  _setLevelPalette                   Level
     00000168  _level_load_level                  Level
     000001AB  _main                              main
     000001B8  _map_get_seed                      Map
     000001C0  _get_random_wall                   Map
     000001DD  _generate_map                      Map
     00000703  _generate_exit_door                Map
     000008AF  _generate_level                    Map
     000008B9  _generate_level_with_seed          Map
     000008DE  _PLAYER_position                   Player
     000008E0  _PLAYER_direction                  Player
     000008E2  _PLAYER_directionIndex             Player
     000008E3  _PLAYER_directionArray             Player
     000008EB  _calculate_cells_in_view           Renderer
     00000A95  _g_palette                         Renderer
     00000AA5  _g_colors                          Renderer
     00000AB5  _g_pixelMask                       Renderer
     00000AB7  _g_texturedWalls                   Renderer
     00000AB8  _cells_in_view_array               Renderer
     00000ABA  _offsets_cells_in_view             Renderer
     00000ABF  _draw_column_to_buffer_untexture   Renderer
     00000B35  _draw_column_to_buffer_object      Renderer
     00000B36  _draw_column_to_buffer_enemy       Renderer
     00000C73  _draw_column_to_buffer             Renderer
     00000DAB  _render_draw_to_buffer             Renderer
     00001905  _draw_minimap_to_buffer            Renderer
     00001A3B  _state_ingame_enter                State_InGame
     00001A6D  _isInitialized                     State_InGame
     00001A6E  _updateRenderBuffer                State_InGame
     00001A6F  _state_ingame_input                State_InGame
     00001AE7  _state_ingame_update               State_InGame
     00001BBF  _state_ingame_render               State_InGame
     00001BE4  _state_ingame_exit                 State_InGame
     00001BEA  _state_mainmenu_enter              State_MainMenu
     00001BED  _state_mainmenu_input              State_MainMenu
     00001C01  _state_mainmenu_update             State_MainMenu
     00001C02  _state_mainmenu_render             State_MainMenu
     00001C13  _state_mainmenu_exit               State_MainMenu
     00001C14  _statemanager_change_state         StateManager
     00001C3F  _stateArray                        StateManager
ASxxxx Linker V03.00 + NoICE + sdld,  page 3.
Hexadecimal  [32-Bits]

Area                                    Addr        Size        Decimal Bytes (Attributes)
--------------------------------        ----        ----        ------- ----- ------------
_CODE                               00000040    00004084 =       16516. bytes (REL,CON)

      Value  Global                              Global Defined In Module
      -----  --------------------------------   ------------------------
     00001C5D  _currentState                      StateManager
     00001C5E  _changeToState                     StateManager
     00001C5F  _inputReceived                     StateManager
     00001C60  _last_keyboardStatusBuffer         StateManager
     00001C6A  _statemanager_input_accepted       StateManager
     00001C70  _statemanager_set_state            StateManager
     00001C7B  _scan_input                        StateManager
     00001CCC  _statemanager_manage_input         StateManager
     00001CF6  _statemanager_render_state         StateManager
     00001D11  _statemanager_close_state          StateManager
     00001D35  _statemanager_update_state         StateManager
     00001D50  _statemanager_main_loop            StateManager
     00001D5E  _state_pausemenu_enter             State_PauseMenu
     00001D85  _state_pausemenu_input             State_PauseMenu
     00001DB5  _state_pausemenu_update            State_PauseMenu
     00001DB6  _state_pausemenu_render            State_PauseMenu
     00001DB7  _state_pausemenu_exit              State_PauseMenu
     00001DB8  _uncompress_texture                Textures
     00001E66  _theme_textures                    Textures
     00001E6E  _enemy_textures                    Textures
     00001E76  _uncompress_theme_textures         Textures
     00001F21  _uncompress_enemy_textures         Textures
     00001FAC  _uncompress_item_textures          Textures
     00001FAD  _renderCompass                     UI_Compass
     00001FCD  _ui_gamemenu_next_entry            UI_GameMenu
     00001FD8  _entriesPosition                   UI_GameMenu
     00001FE4  _buttonText                        UI_GameMenu
     00001FF0  _buttonWidths                      UI_GameMenu
     0000200D  _ui_gamemenu_previous_entry        UI_GameMenu
     00002017  _ui_gamemenu_unselect_entry        UI_GameMenu
     0000201D  _ui_gamemenu_select_entry          UI_GameMenu
     00002023  _ui_gamemenu_render                UI_GameMenu
     0000209A  _ui_gamemenu_get_entry             UI_GameMenu
     000020A2  _ui_gamemenu_is_selected           UI_GameMenu
     000020AA  _typography0_tileset               4x6_monospaced
     000020F2  _typography0_4x6_monospaced_00     4x6_monospaced
     000020FE  _typography0_4x6_monospaced_01     4x6_monospaced
     0000210A  _typography0_4x6_monospaced_02     4x6_monospaced
     00002116  _typography0_4x6_monospaced_03     4x6_monospaced
     00002122  _typography0_4x6_monospaced_04     4x6_monospaced
     0000212E  _typography0_4x6_monospaced_05     4x6_monospaced
     0000213A  _typography0_4x6_monospaced_06     4x6_monospaced
     00002146  _typography0_4x6_monospaced_07     4x6_monospaced
     00002152  _typography0_4x6_monospaced_08     4x6_monospaced
     0000215E  _typography0_4x6_monospaced_09     4x6_monospaced
     0000216A  _typography0_4x6_monospaced_10     4x6_monospaced
     00002176  _typography0_4x6_monospaced_11     4x6_monospaced
     00002182  _typography0_4x6_monospaced_12     4x6_monospaced
     0000218E  _typography0_4x6_monospaced_13     4x6_monospaced
     0000219A  _typography0_4x6_monospaced_14     4x6_monospaced
     000021A6  _typography0_4x6_monospaced_15     4x6_monospaced
ASxxxx Linker V03.00 + NoICE + sdld,  page 4.
Hexadecimal  [32-Bits]

Area                                    Addr        Size        Decimal Bytes (Attributes)
--------------------------------        ----        ----        ------- ----- ------------
_CODE                               00000040    00004084 =       16516. bytes (REL,CON)

      Value  Global                              Global Defined In Module
      -----  --------------------------------   ------------------------
     000021B2  _typography0_4x6_monospaced_16     4x6_monospaced
     000021BE  _typography0_4x6_monospaced_17     4x6_monospaced
     000021CA  _typography0_4x6_monospaced_18     4x6_monospaced
     000021D6  _typography0_4x6_monospaced_19     4x6_monospaced
     000021E2  _typography0_4x6_monospaced_20     4x6_monospaced
     000021EE  _typography0_4x6_monospaced_21     4x6_monospaced
     000021FA  _typography0_4x6_monospaced_22     4x6_monospaced
     00002206  _typography0_4x6_monospaced_23     4x6_monospaced
     00002212  _typography0_4x6_monospaced_24     4x6_monospaced
     0000221E  _typography0_4x6_monospaced_25     4x6_monospaced
     0000222A  _typography0_4x6_monospaced_26     4x6_monospaced
     00002236  _typography0_4x6_monospaced_27     4x6_monospaced
     00002242  _typography0_4x6_monospaced_28     4x6_monospaced
     0000224E  _typography0_4x6_monospaced_29     4x6_monospaced
     0000225A  _typography0_4x6_monospaced_30     4x6_monospaced
     00002266  _typography0_4x6_monospaced_31     4x6_monospaced
     00002272  _typography0_4x6_monospaced_32     4x6_monospaced
     0000227E  _typography0_4x6_monospaced_33     4x6_monospaced
     0000228A  _typography0_4x6_monospaced_34     4x6_monospaced
     00002296  _typography0_4x6_monospaced_35     4x6_monospaced
     000022A2  _compass_tileset                   compass
     000022AA  _compass_compass_0                 compass
     0000232A  _compass_compass_1                 compass
     000023AA  _compass_compass_2                 compass
     0000242A  _compass_compass_3                 compass
     000024AA  _level0_enemies_tileset            level0_enemies
     000024B2  _level0_enemies_level0_enemies_0   level0_enemies
     000025D2  _level0_enemies_level0_enemies_1   level0_enemies
     000026F2  _level0_enemies_level0_enemies_2   level0_enemies
     00002812  _level0_enemies_level0_enemies_3   level0_enemies
     00002932  _level0_walls_tileset              level0_walls
     0000293C  _level0_walls_level0_walls_0       level0_walls
     00002B3C  _level0_walls_level0_walls_1       level0_walls
     00002D3C  _level0_walls_level0_walls_2       level0_walls
     00002F3C  _level0_walls_level0_walls_3       level0_walls
     0000313C  _level0_walls_level0_walls_4       level0_walls
     0000333C  _level1_walls_tileset              level1_walls
     00003346  _level1_walls_level1_walls_0       level1_walls
     00003546  _level1_walls_level1_walls_1       level1_walls
     00003746  _level1_walls_level1_walls_2       level1_walls
     00003946  _level1_walls_level1_walls_3       level1_walls
     00003B46  _level1_walls_level1_walls_4       level1_walls
     00003D46  _cpct_scanKeyboard_f               cpct_keyboard
     00003D46  cpct_scanKeyboard_f_asm            cpct_keyboard
     00003DB0  _cpct_isKeyPressed                 cpct_keyboard
     00003DB0  cpct_isKeyPressed_asm              cpct_keyboard
     00003DBC  _cpct_setPalette                   cpct_video
     00003DD3  _cpct_setPALColour                 cpct_video
     00003DDF  _cpct_drawSprite                   cpct_sprites
     00003E84  __moduchar                         
     00003E90  __moduint                          
ASxxxx Linker V03.00 + NoICE + sdld,  page 5.
Hexadecimal  [32-Bits]

Area                                    Addr        Size        Decimal Bytes (Attributes)
--------------------------------        ----        ----        ------- ----- ------------
_CODE                               00000040    00004084 =       16516. bytes (REL,CON)

      Value  Global                              Global Defined In Module
      -----  --------------------------------   ------------------------
     00003E9B  _cpct_setSeed_lcg_u8               cpct_random
     00003E9B  cpct_setSeed_lcg_u8_asm            cpct_random
     00003EA0  _cpct_fw2hw                        cpct_video
     00003EB3  _cpct_keyboardStatusBuffer         cpct_keyboard
     00003EBD  __mulint                           
     00003EC5  __mul16                            
     00003ED9  __divuint                          
     00003EE1  __divuchar                         
     00003EE8  __divu8                            
     00003EEB  __divu16                           
     00003F1A  ___sdcc_call_hl                    
     00003F1B  cpct_firmware2hw_colour            
     00003F36  _cpct_getRandom_lcg_u8             cpct_random
     00003F36  cpct_getRandom_lcg_u8_asm          cpct_random
     00003F37  cpct_randlcgu8_seed                cpct_random
     00003F47  _cpct_setVideoMode                 cpct_video
     00003F55  _cpct_memcpy                       cpct_memutils
     00003F5D  _cpct_memset                       cpct_memutils
     00003F6B  _cpct_disableFirmware              cpct_firmware
     00003F6B  _cpct_removeInterruptHandler       cpct_firmware
     00003F6B  cpct_disableFirmware_asm           cpct_firmware
     00003F6B  cpct_removeInterruptHandler_asm    cpct_firmware
     00003F7B  _cpct_drawSolidBox                 cpct_sprites
     00004033  _cpct_mode_rom_status              cpct_firmware
     00004034  _cpct_getScreenPtr                 cpct_video
     00004054  __divsint                          
     0000405D  __divschar                         
     00004064  __div8                             
     00004068  __div_signexte                     
     0000406C  __div16                            
     00004092  __get_remainder                    
     0000409C  _cpct_setInterruptHandler          cpct_firmware
     0000409C  cpct_setInterruptHandler_asm       cpct_firmware
     000040AD  cpct_safeInterruptHandlerHook      cpct_firmware
ASxxxx Linker V03.00 + NoICE + sdld,  page 6.
Hexadecimal  [32-Bits]

Area                                    Addr        Size        Decimal Bytes (Attributes)
--------------------------------        ----        ----        ------- ----- ------------
_DATA                               000040C4    000000B5 =         181. bytes (REL,CON)

      Value  Global                              Global Defined In Module
      -----  --------------------------------   ------------------------
     000040C4  _enemyArray                        Enemy
     00004178  _current_level                     Level

ASxxxx Linker V03.00 + NoICE + sdld,  page 7.
Hexadecimal  [32-Bits]

Area                                    Addr        Size        Decimal Bytes (Attributes)
--------------------------------        ----        ----        ------- ----- ------------
_INITIALIZED                        00004179    00000004 =           4. bytes (REL,CON)

      Value  Global                              Global Defined In Module
      -----  --------------------------------   ------------------------
     00004179  _r_counter                         GameFunctions
     0000417A  _rand_seed                         Map
     0000417B  _entryIndex                        UI_GameMenu
     0000417C  _entrySelected                     UI_GameMenu

ASxxxx Linker V03.00 + NoICE + sdld,  page 8.
Hexadecimal  [32-Bits]

Area                                    Addr        Size        Decimal Bytes (Attributes)
--------------------------------        ----        ----        ------- ----- ------------
_INITIALIZER                        0000417D    00000004 =           4. bytes (REL,CON)

      Value  Global                              Global Defined In Module
      -----  --------------------------------   ------------------------
ASxxxx Linker V03.00 + NoICE + sdld,  page 9.

Files Linked                              [ module(s) ]

obj/Enemy.rel                             [ Enemy ]
obj/GameFunctions.rel                     [ GameFunctions ]
obj/Item.rel                              [ Item ]
obj/Level.rel                             [ Level ]
obj/main.rel                              [ main ]
obj/Map.rel                               [ Map ]
obj/Player.rel                            [ Player ]
obj/Renderer.rel                          [ Renderer ]
obj/State_InGame.rel                      [ State_InGame ]
obj/State_MainMenu.rel                    [ State_MainMenu ]
obj/StateManager.rel                      [ StateManager ]
obj/State_PauseMenu.rel                   [ State_PauseMenu ]
obj/StringUtils.rel                       [ StringUtils ]
obj/Textures.rel                          [ Textures ]
obj/UI_Compass.rel                        [ UI_Compass ]
obj/UI_EnemyStats.rel                     [ UI_EnemyStats ]
obj/UI_GameMenu.rel                       [ UI_GameMenu ]
obj/UI_MainMenu.rel                       [ UI_MainMenu ]
obj/UI_PauseMenu.rel                      [ UI_PauseMenu ]
obj/UI_PlayerStats.rel                    [ UI_PlayerStats ]
obj/textures/4x6_monospaced.rel           [ 4x6_monospaced ]
obj/textures/compass.rel                  [ compass ]
obj/textures/enemies/level0_enemies.rel   [ level0_enemies ]
obj/textures/walls/level0_walls.rel       [ level0_walls ]
obj/textures/walls/level1_walls.rel       [ level1_walls ]


Libraries Linked                          [ object file ]

/home/albert/cpctelera/cpctelera/cpctelera.lib
                                          [ cpct_scanKeyboard_f.rel ]
/home/albert/cpctelera/cpctelera/cpctelera.lib
                                          [ cpct_isKeyPressed.rel ]
/home/albert/cpctelera/cpctelera/cpctelera.lib
                                          [ cpct_setPalette_cbindings.rel ]
/home/albert/cpctelera/cpctelera/cpctelera.lib
                                          [ cpct_setPALColour_cbindings.rel ]
/home/albert/cpctelera/cpctelera/cpctelera.lib
                                          [ cpct_drawSprite_cbindings.rel ]
/home/albert/cpctelera/cpctelera/tools/sdcc-3.5.5/bin/../share/sdcc/lib/z80/z80.lib
                                          [ modunsigned.rel ]
/home/albert/cpctelera/cpctelera/cpctelera.lib
                                          [ cpct_setSeed_lcg_u8.rel ]
/home/albert/cpctelera/cpctelera/cpctelera.lib
                                          [ cpct_fw2hw_cbindings.rel ]
/home/albert/cpctelera/cpctelera/cpctelera.lib
                                          [ keyboard.rel ]
/home/albert/cpctelera/cpctelera/tools/sdcc-3.5.5/bin/../share/sdcc/lib/z80/z80.lib
                                          [ mul.rel ]
/home/albert/cpctelera/cpctelera/tools/sdcc-3.5.5/bin/../share/sdcc/lib/z80/z80.lib
                                          [ divunsigned.rel ]
/home/albert/cpctelera/cpctelera/tools/sdcc-3.5.5/bin/../share/sdcc/lib/z80/z80.lib
                                          [ __sdcc_call_hl.rel ]
/home/albert/cpctelera/cpctelera/cpctelera.lib
                                          [ cpct_firmware2hw_colour_table.re ]
/home/albert/cpctelera/cpctelera/cpctelera.lib
                                          [ cpct_getRandom_lcg_u8.rel ]
/home/albert/cpctelera/cpctelera/cpctelera.lib
                                          [ cpct_setVideoMode_cbindings.rel ]
/home/albert/cpctelera/cpctelera/cpctelera.lib
                                          [ cpct_memcpy_cbindings.rel ]
/home/albert/cpctelera/cpctelera/cpctelera.lib
                                          [ cpct_memset_cbinding.rel ]
/home/albert/cpctelera/cpctelera/cpctelera.lib
                                          [ cpct_removeInterruptHandler.rel ]
/home/albert/cpctelera/cpctelera/cpctelera.lib
                                          [ cpct_drawSolidBox_cbindings.rel ]
/home/albert/cpctelera/cpctelera/cpctelera.lib
                                          [ cpc_mode_rom_status.rel ]
/home/albert/cpctelera/cpctelera/cpctelera.lib
                                          [ cpct_getScreenPtr_cbindings.rel ]
/home/albert/cpctelera/cpctelera/tools/sdcc-3.5.5/bin/../share/sdcc/lib/z80/z80.lib
                                          [ divsigned.rel ]
/home/albert/cpctelera/cpctelera/cpctelera.lib
                                          [ cpct_setInterruptHandler.rel ]

ASxxxx Linker V03.00 + NoICE + sdld,  page 10.

User Base Address Definitions

_CODE = 0x0040
_DATA = 0x0000

