ASxxxx Linker V03.00 + NoICE + sdld,  page 1.
Hexadecimal  [32-Bits]

Area                                    Addr        Size        Decimal Bytes (Attributes)
--------------------------------        ----        ----        ------- ----- ------------
.  .ABS.                            00000000    00000000 =           0. bytes (ABS,CON)

      Value  Global                              Global Defined In Module
      -----  --------------------------------   ------------------------
     00000000  .__.ABS.                           cpct_random
     00000000  l__CABS                         
     00000000  l__DABS                         
     00000000  l__GSFINAL                      
     00000000  l__GSINIT                       
     00000000  l__HOME                         
     00000000  l__INITIALIZED                  
     00000000  l__INITIALIZER                  
     00000000  s__CABS                         
     00000000  s__DABS                         
     00000040  s__CODE                         
     00000148  l__DATA                         
     00007CA5  l__CODE                         
     00007CE5  s__DATA                         
     00007E2D  s__GSFINAL                      
     00007E2D  s__GSINIT                       
     00007E2D  s__HOME                         
     00007E2D  s__INITIALIZED                  
     00007E2D  s__INITIALIZER                  

ASxxxx Linker V03.00 + NoICE + sdld,  page 2.
Hexadecimal  [32-Bits]

Area                                    Addr        Size        Decimal Bytes (Attributes)
--------------------------------        ----        ----        ------- ----- ------------
_CODE                               00000040    00007CA5 =       31909. bytes (REL,CON)

      Value  Global                              Global Defined In Module
      -----  --------------------------------   ------------------------
     00000040  _enemy_get_at                      Enemy
     00000057  _enemy_init_enemies                Enemy
     000000B0  _abs                               Enemy
     000000CD  _dist                              Enemy
     000000FC  _enemy_can_view                    Enemy
     000002AA  _enemy_is_adjacent_to_player       Enemy
     000002EE  _enemy_new_enemy                   Enemy
     000003BC  _enemy_try_new_spawn               Enemy
     0000044B  _enemy_collision_at_dir            Enemy
     000004CE  _enemy_get_distance_to_obstacle    Enemy
     0000055F  _enemy_remove                      Enemy
     00000598  _enemy_move                        Enemy
     0000064A  _enemy_attack_enemy                Enemy
     000006F5  _enemy_attack                      Enemy
     0000077A  _enemy_go_to_player                Enemy
     00000856  _enemy_flee                        Enemy
     0000097B  _enemy_roam                        Enemy
     00000A73  _enemy_AI_passive                  Enemy
     00000B04  _enemy_AI_aggressive               Enemy
     00000B6F  _enemy_update                      Enemy
     00000BAA  _game_interrupt_handler            GameFunctions
     00000BB4  _game_init                         GameFunctions
     00000BF8  _movement_directionArray           GameFunctions
     00000C00  _item_get_at                       Item
     00000C19  _item_init_items                   Item
     00000C32  _item_try_new_spawn                Item
     00000C65  _item_new_item                     Item
     00000E1A  _item_try_new_spawn_at             Item
     00000E5E  _item_pick_item                    Item
     00000F47  _item_destroy_item                 Item
     00000F81  _item_use_potion                   Item
     00000FA9  _item_use_scroll                   Item
     00000FF0  _level_get_level                   Level
     00000FF8  _menu_palette                      Level
     00001001  _level_palettes                    Level
     00001025  _level_set_level                   Level
     0000102E  _level_init_palettes               Level
     00001066  _setMenuPalette                    Level
     00001081  _setLevelPalette                   Level
     000010B4  _level_load_level                  Level
     000010E1  _main                              main
     000010EE  _map_get_seed                      Map
     000010F2  _get_random_wall                   Map
     0000110F  _generate_final_map                Map
     000011A1  _generate_map                      Map
     00001659  _generate_exit_door                Map
     0000180C  _generate_level                    Map
     00001815  _generate_level_with_seed          Map
     00001851  _player_init                       Player
     00001875  _player_position                   Player
ASxxxx Linker V03.00 + NoICE + sdld,  page 3.
Hexadecimal  [32-Bits]

Area                                    Addr        Size        Decimal Bytes (Attributes)
--------------------------------        ----        ----        ------- ----- ------------
_CODE                               00000040    00007CA5 =       31909. bytes (REL,CON)

      Value  Global                              Global Defined In Module
      -----  --------------------------------   ------------------------
     00001877  _player_direction                  Player
     00001879  _player_turn_left                  Player
     000018A2  _player_turn_right                 Player
     000018CB  _player_move_forward               Player
     000018E6  _player_get_direction_index        Player
     000018EE  _calculate_cells_in_view           Renderer
     00001A9F  _g_palette                         Renderer
     00001AAF  _g_colors                          Renderer
     00001ABF  _g_pixelMask                       Renderer
     00001AC1  _cells_in_view_array               Renderer
     00001AC3  _offsets_cells_in_view             Renderer
     00001AC8  _draw_column_to_buffer_untexture   Renderer
     00001B40  _draw_column_to_buffer_object      Renderer
     00001C3B  _draw_column_to_buffer_enemy       Renderer
     00001D81  _draw_column_to_buffer             Renderer
     00001EB2  _render_draw_to_buffer             Renderer
     00002A78  _draw_minimap_to_buffer            Renderer
     00002BC1  _str_cmp                           SaveGame
     00002BE6  _saveArray                         SaveGame
     00002BE8  _savegame_string_to_save           SaveGame
     00002C44  _savegame_checksave                SaveGame
     00002C6E  _savegame_to_string                SaveGame
     00002CB5  _savegame_Save                     SaveGame
     00002D21  _savegame_decrypt_save             SaveGame
     00002D34  _savegame_Load                     SaveGame
     00002DCD  _savegame_get_saveString           SaveGame
     00002DD1  _state_credits_enter               State_Credits
     00002EF4  _state_credits_return              State_Credits
     00002EF5  _state_credits_input               State_Credits
     00002EFE  _state_credits_update              State_Credits
     00002F01  _state_credits_render              State_Credits
     00002F02  _state_credits_exit                State_Credits
     00002F17  _state_gameover_enter              State_GameOver
     00002F7D  _state_gameover_return             State_GameOver
     00002F7E  _state_gameover_input              State_GameOver
     00002F87  _state_gameover_update             State_GameOver
     00002F8F  _state_gameover_render             State_GameOver
     00002F90  _state_gameover_exit               State_GameOver
     00002F91  _state_ingame_enter                State_InGame
     00002FB9  _state_ingame_update_turn          State_InGame
     00002FDE  _state_ingame_update_buffers       State_InGame
     00002FE4  _state_ingame_return               State_InGame
     00003000  _state_ingame_input                State_InGame
     0000304F  _state_ingame_update               State_InGame
     00003198  _state_ingame_render               State_InGame
     000031BD  _state_ingame_exit                 State_InGame
     000031BE  _state_inventory_enter             State_Inventory
     000031F2  _state_inventory_return            State_Inventory
     000031F3  _state_inventory_object_used       State_Inventory
     000031FB  _state_inventory_input             State_Inventory
     0000322A  _state_inventory_update            State_Inventory
ASxxxx Linker V03.00 + NoICE + sdld,  page 4.
Hexadecimal  [32-Bits]

Area                                    Addr        Size        Decimal Bytes (Attributes)
--------------------------------        ----        ----        ------- ----- ------------
_CODE                               00000040    00007CA5 =       31909. bytes (REL,CON)

      Value  Global                              Global Defined In Module
      -----  --------------------------------   ------------------------
     0000325D  _state_inventory_render            State_Inventory
     00003260  _state_inventory_exit              State_Inventory
     00003275  _state_loadgame_enter              State_LoadGame
     000032A6  _state_loadgame_return             State_LoadGame
     000032A7  _state_loadgame_input              State_LoadGame
     000034F3  _state_loadgame_update             State_LoadGame
     0000351C  _state_loadgame_render             State_LoadGame
     0000351F  _state_loadgame_exit               State_LoadGame
     00003534  _state_loadlevel_enter             State_LoadLevel
     00003594  _state_loadlevel_return            State_LoadLevel
     00003595  _state_loadlevel_input             State_LoadLevel
     00003598  _state_loadlevel_update            State_LoadLevel
     000035B2  _state_loadlevel_render            State_LoadLevel
     000035B3  _state_loadlevel_exit              State_LoadLevel
     000035B4  _dec_main_bg                       State_MainMenu
     00003679  _draw_main_bg                      State_MainMenu
     00003698  _state_mainmenu_enter              State_MainMenu
     000036BD  _state_mainmenu_return             State_MainMenu
     000036D4  _state_mainmenu_input              State_MainMenu
     00003703  _state_mainmenu_update             State_MainMenu
     0000376A  _state_mainmenu_render             State_MainMenu
     0000376D  _state_mainmenu_exit               State_MainMenu
     0000376E  _statemanager_drop_state           StateManager
     000037C4  _stateArray                        StateManager
     0000385E  _closeState                        StateManager
     0000385F  _currentState                      StateManager
     00003860  _changeToState                     StateManager
     00003861  _inputReceived                     StateManager
     00003862  _gameRunning                       StateManager
     00003863  _last_keyboardStatusBuffer         StateManager
     0000386D  _statemanager_change_state         StateManager
     000038B6  _statemanager_input_accepted       StateManager
     000038BC  _statemanager_set_state            StateManager
     000038C7  _scan_input                        StateManager
     00003913  _statemanager_manage_input         StateManager
     00003940  _statemanager_render_state         StateManager
     0000395F  _statemanager_close_state          StateManager
     00003965  _statemanager_update_state         StateManager
     00003981  _statemanager_exit_game            StateManager
     00003987  _statemanager_main_loop            StateManager
     0000399D  _state_options_enter               State_Options
     000039CB  _state_options_return              State_Options
     000039CC  _state_options_input               State_Options
     000039FB  _state_options_update              State_Options
     00003A4A  _state_options_render              State_Options
     00003A4D  _state_options_exit                State_Options
     00003A62  _state_pausemenu_enter             State_PauseMenu
     00003A90  _state_pausemenu_return            State_PauseMenu
     00003ABB  _state_pausemenu_input             State_PauseMenu
     00003AEA  _state_pausemenu_update            State_PauseMenu
     00003B35  _state_pausemenu_render            State_PauseMenu
ASxxxx Linker V03.00 + NoICE + sdld,  page 5.
Hexadecimal  [32-Bits]

Area                                    Addr        Size        Decimal Bytes (Attributes)
--------------------------------        ----        ----        ------- ----- ------------
_CODE                               00000040    00007CA5 =       31909. bytes (REL,CON)

      Value  Global                              Global Defined In Module
      -----  --------------------------------   ------------------------
     00003B38  _state_pausemenu_exit              State_PauseMenu
     00003B4D  _state_saveexit_enter              State_SaveExit
     00003BAA  _state_saveexit_return             State_SaveExit
     00003BAB  _state_saveexit_input              State_SaveExit
     00003BBB  _state_saveexit_update             State_SaveExit
     00003BBC  _state_saveexit_render             State_SaveExit
     00003BBD  _state_saveexit_exit               State_SaveExit
     00003BBE  _state_victory_enter               State_Victory
     00003C25  _state_victory_return              State_Victory
     00003C26  _state_victory_input               State_Victory
     00003C2F  _state_victory_update              State_Victory
     00003C37  _state_victory_render              State_Victory
     00003C38  _state_victory_exit                State_Victory
     00003C39  _ui_stringinput_init               StringInput
     00003C4D  _ui_stringinput_add_char           StringInput
     00003C6B  _ui_stringinput_get_string         StringInput
     00003C6F  _ui_stringinput_remove_char        StringInput
     00003C84  _integer_to_string                 StringUtils
     00003D62  _charArray                         StringUtils
     00003DE2  _i_to_s_buffer                     StringUtils
     00003DEB  _print_text                        StringUtils
     00003FC6  _print_transparent_text            StringUtils
     0000411D  _uncompress_texture_rle            Textures
     00004181  _theme_textures                    Textures
     00004189  _theme_textures_length             Textures
     00004191  _enemy_textures                    Textures
     0000419B  _enemy_textures_length             Textures
     000041A5  _uncompress_theme_textures         Textures
     000041D4  _uncompress_enemy_textures         Textures
     00004247  _uncompress_item_textures          Textures
     0000425C  _renderCompass                     UI_Compass
     00004278  _ui_gamemenu_init                  UI_GameMenu
     0000428A  _ui_gamemenu_entriesPosition       UI_GameMenu
     00004298  _ui_gamemenu_entriesTextPosition   UI_GameMenu
     000042A6  _ui_gamemenu_action_buttonText     UI_GameMenu
     000042AC  _ui_gamemenu_buttonText            UI_GameMenu
     000042BA  _ui_gamemenu_buttonWidths          UI_GameMenu
     000042F9  _ui_gamemenu_above_entry           UI_GameMenu
     0000431A  _ui_gamemenu_below_entry           UI_GameMenu
     00004331  _ui_gamemenu_next_entry            UI_GameMenu
     0000433E  _ui_gamemenu_previous_entry        UI_GameMenu
     0000434E  _ui_gamemenu_unselect_entry        UI_GameMenu
     00004354  _ui_gamemenu_select_entry          UI_GameMenu
     0000435A  _ui_gamemenu_render_button         UI_GameMenu
     000043D1  _ui_gamemenu_render_refresh        UI_GameMenu
     000043F9  _ui_gamemenu_render_all            UI_GameMenu
     00004449  _ui_gamemenu_get_entry             UI_GameMenu
     00004451  _ui_gamemenu_is_selected           UI_GameMenu
     00004459  _ui_gamemenu_update_action         UI_GameMenu
     000044EA  _ui_gamemenu_get_movement          UI_GameMenu
     000044F2  _ui_gamemenu_get_action            UI_GameMenu
ASxxxx Linker V03.00 + NoICE + sdld,  page 6.
Hexadecimal  [32-Bits]

Area                                    Addr        Size        Decimal Bytes (Attributes)
--------------------------------        ----        ----        ------- ----- ------------
_CODE                               00000040    00007CA5 =       31909. bytes (REL,CON)

      Value  Global                              Global Defined In Module
      -----  --------------------------------   ------------------------
     000044FA  _ui_inventory_init                 UI_Inventory
     0000450A  _ui_inventory_entriesPosition      UI_Inventory
     00004510  _ui_inventory_entriesTextPositio   UI_Inventory
     00004516  _ui_inventory_buttonText           UI_Inventory
     00004525  _ui_inventory_get_entry            UI_Inventory
     0000452D  _ui_inventory_is_selected          UI_Inventory
     00004535  _ui_inventory_next_entry           UI_Inventory
     00004543  _ui_inventory_previous_entry       UI_Inventory
     00004553  _ui_inventory_select_entry         UI_Inventory
     00004559  _ui_inventory_unselect_entry       UI_Inventory
     0000455F  _ui_inventory_render_button        UI_Inventory
     000045C9  _ui_inventory_render_refresh       UI_Inventory
     000045E2  _ui_inventory_render_all           UI_Inventory
     0000462C  _ui_loadgame_init                  UI_LoadGame
     0000463C  _ui_loadgame_entriesPosition       UI_LoadGame
     00004640  _ui_loadgame_entriesTextPosition   UI_LoadGame
     00004644  _ui_loadgame_buttonText            UI_LoadGame
     00004652  _ui_loadgame_get_entry             UI_LoadGame
     0000465A  _ui_loadgame_is_selected           UI_LoadGame
     00004662  _ui_loadgame_next_entry            UI_LoadGame
     00004676  _ui_loadgame_previous_entry        UI_LoadGame
     00004687  _ui_loadgame_select_entry          UI_LoadGame
     0000468D  _ui_loadgame_unselect_entry        UI_LoadGame
     00004693  _ui_loadgame_render_button         UI_LoadGame
     000046FD  _ui_loadgame_render_all            UI_LoadGame
     0000473F  _ui_log_init                       UI_Log
     00004781  _ui_log_add_log                    UI_Log
     000047CC  _ui_log_render                     UI_Log
     0000483F  _ui_mainmenu_init                  UI_MainMenu
     0000484F  _ui_mainmenu_entriesPosition       UI_MainMenu
     00004857  _ui_mainmenu_entriesTextPosition   UI_MainMenu
     0000485F  _ui_mainmenu_buttonText            UI_MainMenu
     0000488A  _ui_mainmenu_next_entry            UI_MainMenu
     00004898  _ui_mainmenu_previous_entry        UI_MainMenu
     000048A8  _ui_mainmenu_unselect_entry        UI_MainMenu
     000048AE  _ui_mainmenu_select_entry          UI_MainMenu
     000048B4  _ui_mainmenu_render_button         UI_MainMenu
     0000491E  _ui_mainmenu_render_refresh        UI_MainMenu
     00004937  _ui_mainmenu_render_all            UI_MainMenu
     0000494F  _ui_mainmenu_get_entry             UI_MainMenu
     00004957  _ui_mainmenu_is_selected           UI_MainMenu
     0000495F  _ui_options_set_strings            UI_Options
     00004987  _ui_options_entriesPosition        UI_Options
     0000498D  _ui_options_entriesTextPosition    UI_Options
     00004993  _ui_options_on_off                 UI_Options
     00004997  _ui_options_buttonText             UI_Options
     000049AA  _ui_options_init                   UI_Options
     000049BC  _ui_options_get_entry              UI_Options
     000049C4  _ui_options_is_selected            UI_Options
     000049CC  _ui_options_next_entry             UI_Options
     000049DA  _ui_options_previous_entry         UI_Options
ASxxxx Linker V03.00 + NoICE + sdld,  page 7.
Hexadecimal  [32-Bits]

Area                                    Addr        Size        Decimal Bytes (Attributes)
--------------------------------        ----        ----        ------- ----- ------------
_CODE                               00000040    00007CA5 =       31909. bytes (REL,CON)

      Value  Global                              Global Defined In Module
      -----  --------------------------------   ------------------------
     000049EA  _ui_options_select_entry           UI_Options
     000049F0  _ui_options_unselect_entry         UI_Options
     000049F6  _ui_options_render_button          UI_Options
     00004A60  _ui_options_render_refresh         UI_Options
     00004A79  _ui_options_render_all             UI_Options
     00004AC4  _ui_pausemenu_init                 UI_PauseMenu
     00004AD4  _ui_pausemenu_entriesPosition      UI_PauseMenu
     00004ADC  _ui_pausemenu_entriesTextPositio   UI_PauseMenu
     00004AE4  _ui_pausemenu_buttonText           UI_PauseMenu
     00004B10  _ui_pausemenu_get_entry            UI_PauseMenu
     00004B18  _ui_pausemenu_is_selected          UI_PauseMenu
     00004B20  _ui_pausemenu_next_entry           UI_PauseMenu
     00004B2E  _ui_pausemenu_previous_entry       UI_PauseMenu
     00004B3E  _ui_pausemenu_select_entry         UI_PauseMenu
     00004B44  _ui_pausemenu_unselect_entry       UI_PauseMenu
     00004B4A  _ui_pausemenu_render_button        UI_PauseMenu
     00004BB4  _ui_pausemenu_render_refresh       UI_PauseMenu
     00004BCD  _ui_pausemenu_render_all           UI_PauseMenu
     00004BE5  _ui_playerstats_render_all         UI_PlayerStats
     00004C0B  _strings                           UI_PlayerStats
     00004C25  _ui_playerstats_render_hp          UI_PlayerStats
     00004C86  _ui_playerstats_render_attack      UI_PlayerStats
     00004CBC  _ui_playerstats_render_defense     UI_PlayerStats
     00004CF2  _ui_playerstats_render_potions     UI_PlayerStats
     00004D28  _ui_playerstats_render_scrolls     UI_PlayerStats
     00004D5E  _ui_playerstats_render_key         UI_PlayerStats
     00004DAA  _compass_tileset                   compass
     00004DB2  _compass_compass_0                 compass
     00004E32  _compass_compass_1                 compass
     00004EB2  _compass_compass_2                 compass
     00004F32  _compass_compass_3                 compass
     00004FB2  _items_tileset                     items_tileset
     000050FC  _menu_bg                           menu_bg
     000056ED  _camelot_enemy                     camelot_enemy
     00005768  _king_enemy                        king_enemy
     00005820  _level0_enemies                    level0_enemies
     000058A4  _level1_enemies                    level1_enemies
     0000594F  _level2_enemies                    level2_enemies
     000059CA  _level3_enemies                    level3_enemies
     00005A81  _rat_enemy                         rat_enemy
     00005AED  _typography_4x6_monospaced         typography_4x6_monospaced
     00005B83  _level0_walls                      level0_walls
     00006140  _level1_walls                      level1_walls
     00006995  _level2_walls                      level2_walls
     000071C3  _level3_walls                      level3_walls
     000078BA  __divuint                          
     000078C2  __divuchar                         
     000078C9  __divu8                            
     000078CC  __divu16                           
     000078FB  _cpct_scanKeyboard_f               cpct_keyboard
     000078FB  cpct_scanKeyboard_f_asm            cpct_keyboard
ASxxxx Linker V03.00 + NoICE + sdld,  page 8.
Hexadecimal  [32-Bits]

Area                                    Addr        Size        Decimal Bytes (Attributes)
--------------------------------        ----        ----        ------- ----- ------------
_CODE                               00000040    00007CA5 =       31909. bytes (REL,CON)

      Value  Global                              Global Defined In Module
      -----  --------------------------------   ------------------------
     00007965  _cpct_isKeyPressed                 cpct_keyboard
     00007965  cpct_isKeyPressed_asm              cpct_keyboard
     00007971  _cpct_setPalette                   cpct_video
     00007988  _cpct_setPALColour                 cpct_video
     00007994  _cpct_drawSprite                   cpct_sprites
     00007A39  __moduchar                         
     00007A45  __moduint                          
     00007A50  _cpct_fw2hw                        cpct_video
     00007A63  _cpct_keyboardStatusBuffer         cpct_keyboard
     00007A6D  __mulint                           
     00007A75  __mul16                            
     00007A89  _cpct_setSeed_mxor                 cpct_random
     00007A89  cpct_setSeed_mxor_asm              cpct_random
     00007A91  _cpct_restoreState_mxor_u8         cpct_random
     00007A91  cpct_restoreState_mxor_u8_asm      cpct_random
     00007A97  _cpct_getRandom_mxor_u8            cpct_random
     00007A97  cpct_getRandom_mxor_u8             cpct_random
     00007A98  cpct_randomIdx_mxor_u8             cpct_random
     00007ABC  _cpct_nextRandom_mxor_u32          cpct_random
     00007ABC  cpct_nextRandom_mxor_u32_asm       cpct_random
     00007ADF  ___sdcc_call_hl                    
     00007AE0  _cpct_getRandom_mxor_u16           cpct_random
     00007AE0  cpct_getRandom_mxor_u16            cpct_random
     00007B02  cpct_firmware2hw_colour            
     00007B1D  _cpct_hflipSpriteM0                cpct_sprites
     00007B61  _cpct_waitVSYNC                    cpct_video
     00007B61  cpct_waitVSYNC_asm                 cpct_video
     00007B69  _cpct_isAnyKeyPressed_f            cpct_keyboard
     00007B69  cpct_isAnyKeyPressed_f_asm         cpct_keyboard
     00007B84  _cpct_setVideoMode                 cpct_video
     00007B92  _cpct_memcpy                       cpct_memutils
     00007B9A  _cpct_memset                       cpct_memutils
     00007BA8  _cpct_disableFirmware              cpct_firmware
     00007BA8  _cpct_removeInterruptHandler       cpct_firmware
     00007BA8  cpct_disableFirmware_asm           cpct_firmware
     00007BA8  cpct_removeInterruptHandler_asm    cpct_firmware
     00007BB8  _cpct_drawSolidBox                 cpct_sprites
     00007C70  _cpct_mode_rom_status              cpct_firmware
     00007C71  __divsint                          
     00007C7A  __divschar                         
     00007C81  __div8                             
     00007C85  __div_signexte                     
     00007C89  __div16                            
     00007CAF  __get_remainder                    
     00007CB9  _cpct_setInterruptHandler          cpct_firmware
     00007CB9  cpct_setInterruptHandler_asm       cpct_firmware
     00007CCA  cpct_safeInterruptHandlerHook      cpct_firmware
     00007CE1  _cpct_mxor32_seed                  cpct_random

ASxxxx Linker V03.00 + NoICE + sdld,  page 9.
Hexadecimal  [32-Bits]

Area                                    Addr        Size        Decimal Bytes (Attributes)
--------------------------------        ----        ----        ------- ----- ------------
_DATA                               00007CE5    00000148 =         328. bytes (REL,CON)

      Value  Global                              Global Defined In Module
      -----  --------------------------------   ------------------------
     00007CE5  _activeEnemies                     Enemy
     00007CE6  _enemyArray                        Enemy
     00007D5E  _r_counter                         GameFunctions
     00007D60  _music_on                          GameFunctions
     00007D61  _textures_on                       GameFunctions
     00007D62  _camelot_warriors_mode             GameFunctions
     00007D63  _activeItems                       Item
     00007D64  _item_spawnedKey                   Item
     00007D65  _itemArray                         Item
     00007D88  _current_level                     Level
     00007D89  _rand_seed                         Map
     00007D8B  _player_defense_value              Player
     00007D8C  _player_attack_value               Player
     00007D8D  _player_health_points              Player
     00007D8E  _player_is_dead                    Player
     00007D8F  _player_has_key                    Player
     00007D90  _player_potion_count               Player
     00007D91  _player_scroll_count               Player
     00007D92  _player_directionIndex             Player
     00007D93  _save                              SaveGame
     00007D9C  _saveString                        SaveGame
     00007DAF  _updateRenderBuffer                State_InGame
     00007DB0  _action                            State_InGame
     00007DB1  _object_used                       State_Inventory
     00007DB2  _level_seed                        State_LoadLevel
     00007DB4  _inputString                       StringInput
     00007DC7  _currentPos                        StringInput
     00007DC8  _ui_gamemenu_lastEntry             UI_GameMenu
     00007DC9  _ui_gamemenu_entryIndex            UI_GameMenu
     00007DCA  _ui_gamemenu_entrySelected         UI_GameMenu
     00007DCB  _ui_gamemenu_can_move              UI_GameMenu
     00007DCC  _ui_gamemenu_action                UI_GameMenu
     00007DCD  _ui_inventory_lastEntry            UI_Inventory
     00007DCE  _ui_inventory_entryIndex           UI_Inventory
     00007DCF  _ui_inventory_entrySelected        UI_Inventory
     00007DD0  _ui_loadgame_lastEntry             UI_LoadGame
     00007DD1  _ui_loadgame_entryIndex            UI_LoadGame
     00007DD2  _ui_loadgame_entrySelected         UI_LoadGame
     00007DD3  _ui_log_currentString              UI_Log
     00007DD4  _ui_log_textStrings                UI_Log
     00007E24  _ui_mainmenu_lastEntry             UI_MainMenu
     00007E25  _ui_mainmenu_entryIndex            UI_MainMenu
     00007E26  _ui_mainmenu_entrySelected         UI_MainMenu
     00007E27  _ui_options_lastEntry              UI_Options
     00007E28  _ui_options_entryIndex             UI_Options
     00007E29  _ui_options_entrySelected          UI_Options
     00007E2A  _ui_pausemenu_lastEntry            UI_PauseMenu
     00007E2B  _ui_pausemenu_entryIndex           UI_PauseMenu
     00007E2C  _ui_pausemenu_entrySelected        UI_PauseMenu

ASxxxx Linker V03.00 + NoICE + sdld,  page 10.

Files Linked                              [ module(s) ]

obj/Enemy.rel                             [ Enemy ]
obj/GameFunctions.rel                     [ GameFunctions ]
obj/Item.rel                              [ Item ]
obj/Level.rel                             [ Level ]
obj/LoadGame.rel                          [ LoadGame ]
obj/main.rel                              [ main ]
obj/Map.rel                               [ Map ]
obj/Player.rel                            [ Player ]
obj/Renderer.rel                          [ Renderer ]
obj/SaveGame.rel                          [ SaveGame ]
obj/State_Credits.rel                     [ State_Credits ]
obj/State_GameOver.rel                    [ State_GameOver ]
obj/State_InGame.rel                      [ State_InGame ]
obj/State_Inventory.rel                   [ State_Inventory ]
obj/State_LoadGame.rel                    [ State_LoadGame ]
obj/State_LoadLevel.rel                   [ State_LoadLevel ]
obj/State_MainMenu.rel                    [ State_MainMenu ]
obj/StateManager.rel                      [ StateManager ]
obj/State_Options.rel                     [ State_Options ]
obj/State_PauseMenu.rel                   [ State_PauseMenu ]
obj/State_SaveExit.rel                    [ State_SaveExit ]
obj/State_Victory.rel                     [ State_Victory ]
obj/StringInput.rel                       [ StringInput ]
obj/StringUtils.rel                       [ StringUtils ]
obj/Textures.rel                          [ Textures ]
obj/UI_Compass.rel                        [ UI_Compass ]
obj/UI_GameMenu.rel                       [ UI_GameMenu ]
obj/UI_Inventory.rel                      [ UI_Inventory ]
obj/UI_LoadGame.rel                       [ UI_LoadGame ]
obj/UI_Log.rel                            [ UI_Log ]
obj/UI_MainMenu.rel                       [ UI_MainMenu ]
obj/UI_Options.rel                        [ UI_Options ]
obj/UI_PauseMenu.rel                      [ UI_PauseMenu ]
obj/UI_PlayerStats.rel                    [ UI_PlayerStats ]
obj/textures/compass.rel                  [ compass ]
obj/textures/items_tileset.rel            [ items_tileset ]
obj/textures/menu_bg.rel                  [ menu_bg ]
obj/textures/enemies/camelot_enemy.rel    [ camelot_enemy ]
obj/textures/enemies/king_enemy.rel       [ king_enemy ]
obj/textures/enemies/level0_enemies.rel   [ level0_enemies ]
obj/textures/enemies/level1_enemies.rel   [ level1_enemies ]
obj/textures/enemies/level2_enemies.rel   [ level2_enemies ]
obj/textures/enemies/level3_enemies.rel   [ level3_enemies ]
obj/textures/enemies/rat_enemy.rel        [ rat_enemy ]
obj/textures/typography/typography_4x6_monospaced.rel
                                          [ typography_4x6_monospaced ]
obj/textures/walls/level0_walls.rel       [ level0_walls ]
obj/textures/walls/level1_walls.rel       [ level1_walls ]
obj/textures/walls/level2_walls.rel       [ level2_walls ]
obj/textures/walls/level3_walls.rel       [ level3_walls ]


Libraries Linked                          [ object file ]

/home/albert/cpctelera/cpctelera/tools/sdcc-3.5.5/bin/../share/sdcc/lib/z80/z80.lib
                                          [ divunsigned.rel ]
/home/albert/cpctelera/cpctelera/cpctelera.lib
                                          [ cpct_scanKeyboard_f.rel ]
/home/albert/cpctelera/cpctelera/cpctelera.lib
                                          [ cpct_isKeyPressed.rel ]
/home/albert/cpctelera/cpctelera/cpctelera.lib
                                          [ cpct_setPalette_cbindings.rel ]
/home/albert/cpctelera/cpctelera/cpctelera.lib
                                          [ cpct_setPALColour_cbindings.rel ]
/home/albert/cpctelera/cpctelera/cpctelera.lib
                                          [ cpct_drawSprite_cbindings.rel ]
/home/albert/cpctelera/cpctelera/tools/sdcc-3.5.5/bin/../share/sdcc/lib/z80/z80.lib
                                          [ modunsigned.rel ]
/home/albert/cpctelera/cpctelera/cpctelera.lib
                                          [ cpct_fw2hw_cbindings.rel ]
/home/albert/cpctelera/cpctelera/cpctelera.lib
                                          [ keyboard.rel ]
/home/albert/cpctelera/cpctelera/tools/sdcc-3.5.5/bin/../share/sdcc/lib/z80/z80.lib
                                          [ mul.rel ]
/home/albert/cpctelera/cpctelera/cpctelera.lib
                                          [ cpct_setSeed_mxor.rel ]
/home/albert/cpctelera/cpctelera/cpctelera.lib
                                          [ cpct_restoreState_mxor_u8.rel ]
/home/albert/cpctelera/cpctelera/cpctelera.lib
                                          [ cpct_getRandom_mxor_u8.rel ]
/home/albert/cpctelera/cpctelera/cpctelera.lib
                                          [ cpct_nextRandom_mxor_u32.rel ]
/home/albert/cpctelera/cpctelera/tools/sdcc-3.5.5/bin/../share/sdcc/lib/z80/z80.lib
                                          [ __sdcc_call_hl.rel ]
/home/albert/cpctelera/cpctelera/cpctelera.lib
                                          [ cpct_getRandom_mxor_u16.rel ]
/home/albert/cpctelera/cpctelera/cpctelera.lib
                                          [ cpct_firmware2hw_colour_table.re ]
/home/albert/cpctelera/cpctelera/cpctelera.lib
                                          [ cpct_hflipSpriteM0_cbindings.rel ]
/home/albert/cpctelera/cpctelera/cpctelera.lib
                                          [ cpct_waitVSYNC.rel ]
/home/albert/cpctelera/cpctelera/cpctelera.lib
                                          [ cpct_isAnyKeyPressed_f.rel ]
/home/albert/cpctelera/cpctelera/cpctelera.lib
                                          [ cpct_setVideoMode_cbindings.rel ]
/home/albert/cpctelera/cpctelera/cpctelera.lib
                                          [ cpct_memcpy_cbindings.rel ]
/home/albert/cpctelera/cpctelera/cpctelera.lib
                                          [ cpct_memset_cbinding.rel ]
/home/albert/cpctelera/cpctelera/cpctelera.lib
                                          [ cpct_removeInterruptHandler.rel ]
/home/albert/cpctelera/cpctelera/cpctelera.lib
                                          [ cpct_drawSolidBox_cbindings.rel ]
/home/albert/cpctelera/cpctelera/cpctelera.lib
                                          [ cpc_mode_rom_status.rel ]
/home/albert/cpctelera/cpctelera/tools/sdcc-3.5.5/bin/../share/sdcc/lib/z80/z80.lib
                                          [ divsigned.rel ]
/home/albert/cpctelera/cpctelera/cpctelera.lib
                                          [ cpct_setInterruptHandler.rel ]
/home/albert/cpctelera/cpctelera/cpctelera.lib
                                          [ cpct_mxor32_seed.rel ]

ASxxxx Linker V03.00 + NoICE + sdld,  page 11.

User Base Address Definitions

_CODE = 0x0040
_DATA = 0x0000

