ASxxxx Linker V03.00 + NoICE + sdld,  page 1.
Hexadecimal  [32-Bits]

Area                                    Addr        Size        Decimal Bytes (Attributes)
--------------------------------        ----        ----        ------- ----- ------------
.  .ABS.                            00000000    00000000 =           0. bytes (ABS,CON)

      Value  Global                              Global Defined In Module
      -----  --------------------------------   ------------------------
     00000000  .__.ABS.                           
     00000000  l__CABS                         
     00000000  l__DABS                         
     00000000  l__GSFINAL                      
     00000000  l__GSINIT                       
     00000000  l__HOME                         
     00000000  l__INITIALIZED                  
     00000000  l__INITIALIZER                  
     00000000  s__CABS                         
     00000000  s__DABS                         
     000000B4  l__DATA                         
     00003630  l__CODE                         
     00004000  s__CODE                         
     00007630  s__DATA                         
     000076E4  s__GSFINAL                      
     000076E4  s__GSINIT                       
     000076E4  s__HOME                         
     000076E4  s__INITIALIZED                  
     000076E4  s__INITIALIZER                  

ASxxxx Linker V03.00 + NoICE + sdld,  page 2.
Hexadecimal  [32-Bits]

Area                                    Addr        Size        Decimal Bytes (Attributes)
--------------------------------        ----        ----        ------- ----- ------------
_CODE                               00004000    00003630 =       13872. bytes (REL,CON)

      Value  Global                              Global Defined In Module
      -----  --------------------------------   ------------------------
     00004000  _abs                               Enemy
     0000400A  _activeEnemies                     Enemy
     0000400B  _Enemy_spawn_new                   Enemy
     00004044  _Enemy_update_logic                Enemy
     00004045  _level_init_palettes               Level
     00004072  _level_palettes                    Level
     00004096  _setLevelPalette                   Level
     000040C9  _level_load_level                  Level
     00004114  _init                              main
     00004153  _main                              main
     000042C2  _init_generator                    Map
     000042CC  _rand_seed                         Map
     000042CD  _get_random_wall                   Map
     000042EA  _generate_map                      Map
     00004805  _generate_exit_door                Map
     000049AE  _generate_level                    Map
     000049BA  _PLAYER_position                   Player
     000049BC  _PLAYER_direction                  Player
     000049BE  _PLAYER_directionIndex             Player
     000049BF  _PLAYER_directionArray             Player
     000049C7  _calculate_cells_in_view           Renderer
     00004B76  _g_palette                         Renderer
     00004B86  _g_colors                          Renderer
     00004B96  _g_pixelMask                       Renderer
     00004B98  _g_texturedWalls                   Renderer
     00004B99  _cells_in_view_array               Renderer
     00004B9B  _offsets_cells_in_view             Renderer
     00004BA0  _draw_column_to_buffer_untexture   Renderer
     00004C18  _draw_column_to_buffer_object      Renderer
     00004C19  _draw_column_to_buffer_enemy       Renderer
     00004D57  _draw_column_to_buffer             Renderer
     00004E8F  _render_draw_to_buffer             Renderer
     000059E9  _draw_minimap_to_buffer            Renderer
     00005B1F  _uncompress_texture                Textures
     00005BCD  _theme_textures                    Textures
     00005BD5  _enemy_textures                    Textures
     00005BDD  _uncompress_theme_textures         Textures
     00005C67  _uncompress_enemy_textures         Textures
     00005CF2  _uncompress_item_textures          Textures
     00005CF3  _renderCompass                     UI_Compass
     00005D13  _compass_tileset                   compass
     00005D1B  _compass_compass_0                 compass
     00005D9B  _compass_compass_1                 compass
     00005E1B  _compass_compass_2                 compass
     00005E9B  _compass_compass_3                 compass
     00005F1B  _level0_enemies_tileset            level0_enemies
     00005F23  _level0_enemies_level0_enemies_0   level0_enemies
     00006043  _level0_enemies_level0_enemies_1   level0_enemies
     00006163  _level0_enemies_level0_enemies_2   level0_enemies
     00006283  _level0_enemies_level0_enemies_3   level0_enemies
ASxxxx Linker V03.00 + NoICE + sdld,  page 3.
Hexadecimal  [32-Bits]

Area                                    Addr        Size        Decimal Bytes (Attributes)
--------------------------------        ----        ----        ------- ----- ------------
_CODE                               00004000    00003630 =       13872. bytes (REL,CON)

      Value  Global                              Global Defined In Module
      -----  --------------------------------   ------------------------
     000063A3  _level0_walls_tileset              level0_walls
     000063AB  _level0_walls_level0_walls_0       level0_walls
     000065AB  _level0_walls_level0_walls_1       level0_walls
     000067AB  _level0_walls_level0_walls_2       level0_walls
     000069AB  _level0_walls_level0_walls_3       level0_walls
     00006BAB  _level1_walls_tileset              level1_walls
     00006BB3  _level1_walls_level1_walls_0       level1_walls
     00006DB3  _level1_walls_level1_walls_1       level1_walls
     00006FB3  _level1_walls_level1_walls_2       level1_walls
     000071B3  _level1_walls_level1_walls_3       level1_walls
     000073B3  _cpct_isKeyPressed                 cpct_keyboard
     000073B3  cpct_isKeyPressed_asm              cpct_keyboard
     000073BF  _cpct_scanKeyboard_f               cpct_keyboard
     000073BF  cpct_scanKeyboard_f_asm            cpct_keyboard
     00007429  _cpct_setPalette                   cpct_video
     00007440  _cpct_setPALColour                 cpct_video
     0000744C  _cpct_drawSprite                   cpct_sprites
     000074F1  __moduchar                         
     000074FD  __moduint                          
     00007508  _cpct_setSeed_lcg_u8               cpct_random
     00007508  cpct_setSeed_lcg_u8_asm            cpct_random
     0000750D  _cpct_fw2hw                        cpct_video
     00007520  _cpct_keyboardStatusBuffer         cpct_keyboard
     0000752A  __mulint                           
     00007532  __mul16                            
     00007546  __divuint                          
     0000754E  __divuchar                         
     00007555  __divu8                            
     00007558  __divu16                           
     00007587  cpct_firmware2hw_colour            
     000075A2  _cpct_getRandom_lcg_u8             cpct_random
     000075A2  cpct_getRandom_lcg_u8_asm          cpct_random
     000075A3  cpct_randlcgu8_seed                cpct_random
     000075B3  _cpct_setVideoMode                 cpct_video
     000075C1  _cpct_memset                       cpct_memutils
     000075CF  _cpct_memcpy                       cpct_memutils
     000075D7  _cpct_disableFirmware              cpct_firmware
     000075D7  _cpct_removeInterruptHandler       cpct_firmware
     000075D7  cpct_disableFirmware_asm           cpct_firmware
     000075D7  cpct_removeInterruptHandler_asm    cpct_firmware
     000075E7  _cpct_mode_rom_status              cpct_firmware
     000075E8  __divsint                          
     000075F1  __divschar                         
     000075F8  __div8                             
     000075FC  __div_signexte                     
     00007600  __div16                            
     00007626  __get_remainder                    

ASxxxx Linker V03.00 + NoICE + sdld,  page 4.
Hexadecimal  [32-Bits]

Area                                    Addr        Size        Decimal Bytes (Attributes)
--------------------------------        ----        ----        ------- ----- ------------
_DATA                               00007630    000000B4 =         180. bytes (REL,CON)

      Value  Global                              Global Defined In Module
      -----  --------------------------------   ------------------------
     00007630  _enemyArray                        Enemy

ASxxxx Linker V03.00 + NoICE + sdld,  page 5.

Files Linked                              [ module(s) ]

obj/Enemy.rel                             [ Enemy ]
obj/Level.rel                             [ Level ]
obj/main.rel                              [ main ]
obj/Map.rel                               [ Map ]
obj/Player.rel                            [ Player ]
obj/Renderer.rel                          [ Renderer ]
obj/StringUtils.rel                       [ StringUtils ]
obj/Textures.rel                          [ Textures ]
obj/UI_Compass.rel                        [ UI_Compass ]
obj/UI_EnemyStats.rel                     [ UI_EnemyStats ]
obj/UI_GameMenu.rel                       [ UI_GameMenu ]
obj/UI_PlayerStats.rel                    [ UI_PlayerStats ]
obj/textures/compass.rel                  [ compass ]
obj/textures/enemies/level0_enemies.rel   [ level0_enemies ]
obj/textures/walls/level0_walls.rel       [ level0_walls ]
obj/textures/walls/level1_walls.rel       [ level1_walls ]


Libraries Linked                          [ object file ]

/home/albert/cpctelera/cpctelera/cpctelera.lib
                                          [ cpct_isKeyPressed.rel ]
/home/albert/cpctelera/cpctelera/cpctelera.lib
                                          [ cpct_scanKeyboard_f.rel ]
/home/albert/cpctelera/cpctelera/cpctelera.lib
                                          [ cpct_setPalette_cbindings.rel ]
/home/albert/cpctelera/cpctelera/cpctelera.lib
                                          [ cpct_setPALColour_cbindings.rel ]
/home/albert/cpctelera/cpctelera/cpctelera.lib
                                          [ cpct_drawSprite_cbindings.rel ]
/home/albert/cpctelera/cpctelera/tools/sdcc-3.5.5/bin/../share/sdcc/lib/z80/z80.lib
                                          [ modunsigned.rel ]
/home/albert/cpctelera/cpctelera/cpctelera.lib
                                          [ cpct_setSeed_lcg_u8.rel ]
/home/albert/cpctelera/cpctelera/cpctelera.lib
                                          [ cpct_fw2hw_cbindings.rel ]
/home/albert/cpctelera/cpctelera/cpctelera.lib
                                          [ keyboard.rel ]
/home/albert/cpctelera/cpctelera/tools/sdcc-3.5.5/bin/../share/sdcc/lib/z80/z80.lib
                                          [ mul.rel ]
/home/albert/cpctelera/cpctelera/tools/sdcc-3.5.5/bin/../share/sdcc/lib/z80/z80.lib
                                          [ divunsigned.rel ]
/home/albert/cpctelera/cpctelera/cpctelera.lib
                                          [ cpct_firmware2hw_colour_table.re ]
/home/albert/cpctelera/cpctelera/cpctelera.lib
                                          [ cpct_getRandom_lcg_u8.rel ]
/home/albert/cpctelera/cpctelera/cpctelera.lib
                                          [ cpct_setVideoMode_cbindings.rel ]
/home/albert/cpctelera/cpctelera/cpctelera.lib
                                          [ cpct_memset_cbinding.rel ]
/home/albert/cpctelera/cpctelera/cpctelera.lib
                                          [ cpct_memcpy_cbindings.rel ]
/home/albert/cpctelera/cpctelera/cpctelera.lib
                                          [ cpct_removeInterruptHandler.rel ]
/home/albert/cpctelera/cpctelera/cpctelera.lib
                                          [ cpc_mode_rom_status.rel ]
/home/albert/cpctelera/cpctelera/tools/sdcc-3.5.5/bin/../share/sdcc/lib/z80/z80.lib
                                          [ divsigned.rel ]

ASxxxx Linker V03.00 + NoICE + sdld,  page 6.

User Base Address Definitions

_CODE = 0x4000
_DATA = 0x0000

